This is pdfTeX, Version 3.141592653-2.6-1.40.25 (TeX Live 2023/Debian) (preloaded format=pdflatex 2025.7.29)  10 OCT 2025 15:07
entering extended mode
 restricted \write18 enabled.
 %&-line parsing enabled.
**saemix3_tteModel.tex
(./saemix3_tteModel.tex
LaTeX2e <2023-11-01> patch level 1
L3 programming layer <2024-01-22>
(/usr/share/texlive/texmf-dist/tex/latex/base/article.cls
Document Class: article 2023/05/17 v1.4n Standard LaTeX document class
(/usr/share/texlive/texmf-dist/tex/latex/base/size10.clo
File: size10.clo 2023/05/17 v1.4n Standard LaTeX file (size option)
)
\c@part=\count187
\c@section=\count188
\c@subsection=\count189
\c@subsubsection=\count190
\c@paragraph=\count191
\c@subparagraph=\count192
\c@figure=\count193
\c@table=\count194
\abovecaptionskip=\skip48
\belowcaptionskip=\skip49
\bibindent=\dimen140
) (/usr/share/texlive/texmf-dist/tex/latex/amsmath/amsmath.sty
Package: amsmath 2023/05/13 v2.17o AMS math features
\@mathmargin=\skip50
For additional information on amsmath, use the `?' option.
(/usr/share/texlive/texmf-dist/tex/latex/amsmath/amstext.sty
Package: amstext 2021/08/26 v2.01 AMS text
(/usr/share/texlive/texmf-dist/tex/latex/amsmath/amsgen.sty
File: amsgen.sty 1999/11/30 v2.0 generic functions
\@emptytoks=\toks17
\ex@=\dimen141
)) (/usr/share/texlive/texmf-dist/tex/latex/amsmath/amsbsy.sty
Package: amsbsy 1999/11/29 v1.2d Bold Symbols
\pmbraise@=\dimen142
) (/usr/share/texlive/texmf-dist/tex/latex/amsmath/amsopn.sty
Package: amsopn 2022/04/08 v2.04 operator names
)
\inf@bad=\count195
LaTeX Info: Redefining \frac on input line 234.
\uproot@=\count196
\leftroot@=\count197
LaTeX Info: Redefining \overline on input line 399.
LaTeX Info: Redefining \colon on input line 410.
\classnum@=\count198
\DOTSCASE@=\count199
LaTeX Info: Redefining \ldots on input line 496.
LaTeX Info: Redefining \dots on input line 499.
LaTeX Info: Redefining \cdots on input line 620.
\Mathstrutbox@=\box51
\strutbox@=\box52
LaTeX Info: Redefining \big on input line 722.
LaTeX Info: Redefining \Big on input line 723.
LaTeX Info: Redefining \bigg on input line 724.
LaTeX Info: Redefining \Bigg on input line 725.
\big@size=\dimen143
LaTeX Font Info:    Redeclaring font encoding OML on input line 743.
LaTeX Font Info:    Redeclaring font encoding OMS on input line 744.
\macc@depth=\count266
LaTeX Info: Redefining \bmod on input line 905.
LaTeX Info: Redefining \pmod on input line 910.
LaTeX Info: Redefining \smash on input line 940.
LaTeX Info: Redefining \relbar on input line 970.
LaTeX Info: Redefining \Relbar on input line 971.
\c@MaxMatrixCols=\count267
\dotsspace@=\muskip16
\c@parentequation=\count268
\dspbrk@lvl=\count269
\tag@help=\toks18
\row@=\count270
\column@=\count271
\maxfields@=\count272
\andhelp@=\toks19
\eqnshift@=\dimen144
\alignsep@=\dimen145
\tagshift@=\dimen146
\tagwidth@=\dimen147
\totwidth@=\dimen148
\lineht@=\dimen149
\@envbody=\toks20
\multlinegap=\skip51
\multlinetaggap=\skip52
\mathdisplay@stack=\toks21
LaTeX Info: Redefining \[ on input line 2953.
LaTeX Info: Redefining \] on input line 2954.
) (/usr/share/texlive/texmf-dist/tex/latex/amsfonts/amssymb.sty
Package: amssymb 2013/01/14 v3.01 AMS font symbols
(/usr/share/texlive/texmf-dist/tex/latex/amsfonts/amsfonts.sty
Package: amsfonts 2013/01/14 v3.01 Basic AMSFonts support
\symAMSa=\mathgroup4
\symAMSb=\mathgroup5
LaTeX Font Info:    Redeclaring math symbol \hbar on input line 98.
LaTeX Font Info:    Overwriting math alphabet `\mathfrak' in version `bold'
(Font)                  U/euf/m/n --> U/euf/b/n on input line 106.
)) (/usr/share/texlive/texmf-dist/tex/generic/iftex/iftex.sty
Package: iftex 2022/02/03 v1.0f TeX engine tests
) (/usr/share/texlive/texmf-dist/tex/latex/base/fontenc.sty
Package: fontenc 2021/04/29 v2.0v Standard LaTeX package
) (/usr/share/texlive/texmf-dist/tex/latex/base/inputenc.sty
Package: inputenc 2021/02/14 v1.3d Input encoding file
\inpenc@prehook=\toks22
\inpenc@posthook=\toks23
) (/usr/share/texlive/texmf-dist/tex/latex/base/textcomp.sty
Package: textcomp 2020/02/02 v2.0n Standard LaTeX package
) (/usr/share/texmf/tex/latex/lm/lmodern.sty
Package: lmodern 2015/05/01 v1.6.1 Latin Modern Fonts
LaTeX Font Info:    Overwriting symbol font `operators' in version `normal'
(Font)                  OT1/cmr/m/n --> OT1/lmr/m/n on input line 22.
LaTeX Font Info:    Overwriting symbol font `letters' in version `normal'
(Font)                  OML/cmm/m/it --> OML/lmm/m/it on input line 23.
LaTeX Font Info:    Overwriting symbol font `symbols' in version `normal'
(Font)                  OMS/cmsy/m/n --> OMS/lmsy/m/n on input line 24.
LaTeX Font Info:    Overwriting symbol font `largesymbols' in version `normal'
(Font)                  OMX/cmex/m/n --> OMX/lmex/m/n on input line 25.
LaTeX Font Info:    Overwriting symbol font `operators' in version `bold'
(Font)                  OT1/cmr/bx/n --> OT1/lmr/bx/n on input line 26.
LaTeX Font Info:    Overwriting symbol font `letters' in version `bold'
(Font)                  OML/cmm/b/it --> OML/lmm/b/it on input line 27.
LaTeX Font Info:    Overwriting symbol font `symbols' in version `bold'
(Font)                  OMS/cmsy/b/n --> OMS/lmsy/b/n on input line 28.
LaTeX Font Info:    Overwriting symbol font `largesymbols' in version `bold'
(Font)                  OMX/cmex/m/n --> OMX/lmex/m/n on input line 29.
LaTeX Font Info:    Overwriting math alphabet `\mathbf' in version `normal'
(Font)                  OT1/cmr/bx/n --> OT1/lmr/bx/n on input line 31.
LaTeX Font Info:    Overwriting math alphabet `\mathsf' in version `normal'
(Font)                  OT1/cmss/m/n --> OT1/lmss/m/n on input line 32.
LaTeX Font Info:    Overwriting math alphabet `\mathit' in version `normal'
(Font)                  OT1/cmr/m/it --> OT1/lmr/m/it on input line 33.
LaTeX Font Info:    Overwriting math alphabet `\mathtt' in version `normal'
(Font)                  OT1/cmtt/m/n --> OT1/lmtt/m/n on input line 34.
LaTeX Font Info:    Overwriting math alphabet `\mathbf' in version `bold'
(Font)                  OT1/cmr/bx/n --> OT1/lmr/bx/n on input line 35.
LaTeX Font Info:    Overwriting math alphabet `\mathsf' in version `bold'
(Font)                  OT1/cmss/bx/n --> OT1/lmss/bx/n on input line 36.
LaTeX Font Info:    Overwriting math alphabet `\mathit' in version `bold'
(Font)                  OT1/cmr/bx/it --> OT1/lmr/bx/it on input line 37.
LaTeX Font Info:    Overwriting math alphabet `\mathtt' in version `bold'
(Font)                  OT1/cmtt/m/n --> OT1/lmtt/m/n on input line 38.
) (/usr/share/texlive/texmf-dist/tex/latex/upquote/upquote.sty
Package: upquote 2012/04/19 v1.3 upright-quote and grave-accent glyphs in verba
tim
) (/usr/share/texlive/texmf-dist/tex/latex/microtype/microtype.sty
Package: microtype 2023/03/13 v3.1a Micro-typographical refinements (RS)
(/usr/share/texlive/texmf-dist/tex/latex/graphics/keyval.sty
Package: keyval 2022/05/29 v1.15 key=value parser (DPC)
\KV@toks@=\toks24
) (/usr/share/texlive/texmf-dist/tex/latex/etoolbox/etoolbox.sty
Package: etoolbox 2020/10/05 v2.5k e-TeX tools for LaTeX (JAW)
\etb@tempcnta=\count273
)
\MT@toks=\toks25
\MT@tempbox=\box53
\MT@count=\count274
LaTeX Info: Redefining \noprotrusionifhmode on input line 1059.
LaTeX Info: Redefining \leftprotrusion on input line 1060.
\MT@prot@toks=\toks26
LaTeX Info: Redefining \rightprotrusion on input line 1078.
LaTeX Info: Redefining \textls on input line 1368.
\MT@outer@kern=\dimen150
LaTeX Info: Redefining \textmicrotypecontext on input line 1988.
\MT@listname@count=\count275
(/usr/share/texlive/texmf-dist/tex/latex/microtype/microtype-pdftex.def
File: microtype-pdftex.def 2023/03/13 v3.1a Definitions specific to pdftex (RS)

LaTeX Info: Redefining \lsstyle on input line 902.
LaTeX Info: Redefining \lslig on input line 902.
\MT@outer@space=\skip53
)
Package microtype Info: Loading configuration file microtype.cfg.
(/usr/share/texlive/texmf-dist/tex/latex/microtype/microtype.cfg
File: microtype.cfg 2023/03/13 v3.1a microtype main configuration file (RS)
)) (/usr/share/texlive/texmf-dist/tex/latex/parskip/parskip.sty
Package: parskip 2021-03-14 v2.0h non-zero parskip adjustments
(/usr/share/texlive/texmf-dist/tex/latex/kvoptions/kvoptions.sty
Package: kvoptions 2022-06-15 v3.15 Key value format for package options (HO)
(/usr/share/texlive/texmf-dist/tex/generic/ltxcmds/ltxcmds.sty
Package: ltxcmds 2023-12-04 v1.26 LaTeX kernel commands for general use (HO)
) (/usr/share/texlive/texmf-dist/tex/latex/kvsetkeys/kvsetkeys.sty
Package: kvsetkeys 2022-10-05 v1.19 Key value parser (HO)
))) (/usr/share/texlive/texmf-dist/tex/latex/xcolor/xcolor.sty
Package: xcolor 2023/11/15 v3.01 LaTeX color extensions (UK)
(/usr/share/texlive/texmf-dist/tex/latex/graphics-cfg/color.cfg
File: color.cfg 2016/01/02 v1.6 sample color configuration
)
Package xcolor Info: Driver file: pdftex.def on input line 274.
(/usr/share/texlive/texmf-dist/tex/latex/graphics-def/pdftex.def
File: pdftex.def 2022/09/22 v1.2b Graphics/color driver for pdftex
) (/usr/share/texlive/texmf-dist/tex/latex/graphics/mathcolor.ltx)
Package xcolor Info: Model `cmy' substituted by `cmy0' on input line 1350.
Package xcolor Info: Model `hsb' substituted by `rgb' on input line 1354.
Package xcolor Info: Model `RGB' extended on input line 1366.
Package xcolor Info: Model `HTML' substituted by `rgb' on input line 1368.
Package xcolor Info: Model `Hsb' substituted by `hsb' on input line 1369.
Package xcolor Info: Model `tHsb' substituted by `hsb' on input line 1370.
Package xcolor Info: Model `HSB' substituted by `hsb' on input line 1371.
Package xcolor Info: Model `Gray' substituted by `gray' on input line 1372.
Package xcolor Info: Model `wave' substituted by `hsb' on input line 1373.
) (/usr/share/texlive/texmf-dist/tex/latex/geometry/geometry.sty
Package: geometry 2020/01/02 v5.9 Page Geometry
(/usr/share/texlive/texmf-dist/tex/generic/iftex/ifvtex.sty
Package: ifvtex 2019/10/25 v1.7 ifvtex legacy package. Use iftex instead.
)
\Gm@cnth=\count276
\Gm@cntv=\count277
\c@Gm@tempcnt=\count278
\Gm@bindingoffset=\dimen151
\Gm@wd@mp=\dimen152
\Gm@odd@mp=\dimen153
\Gm@even@mp=\dimen154
\Gm@layoutwidth=\dimen155
\Gm@layoutheight=\dimen156
\Gm@layouthoffset=\dimen157
\Gm@layoutvoffset=\dimen158
\Gm@dimlist=\toks27
) (/usr/share/texlive/texmf-dist/tex/latex/fancyvrb/fancyvrb.sty
Package: fancyvrb 2024/01/20 4.5c verbatim text (tvz,hv)
\FV@CodeLineNo=\count279
\FV@InFile=\read2
\FV@TabBox=\box54
\c@FancyVerbLine=\count280
\FV@StepNumber=\count281
\FV@OutFile=\write3
) (/usr/share/texlive/texmf-dist/tex/latex/framed/framed.sty
Package: framed 2011/10/22 v 0.96: framed or shaded text with page breaks
\OuterFrameSep=\skip54
\fb@frw=\dimen159
\fb@frh=\dimen160
\FrameRule=\dimen161
\FrameSep=\dimen162
) (/usr/share/texlive/texmf-dist/tex/latex/graphics/graphicx.sty
Package: graphicx 2021/09/16 v1.2d Enhanced LaTeX Graphics (DPC,SPQR)
(/usr/share/texlive/texmf-dist/tex/latex/graphics/graphics.sty
Package: graphics 2022/03/10 v1.4e Standard LaTeX Graphics (DPC,SPQR)
(/usr/share/texlive/texmf-dist/tex/latex/graphics/trig.sty
Package: trig 2021/08/11 v1.11 sin cos tan (DPC)
) (/usr/share/texlive/texmf-dist/tex/latex/graphics-cfg/graphics.cfg
File: graphics.cfg 2016/06/04 v1.11 sample graphics configuration
)
Package graphics Info: Driver file: pdftex.def on input line 107.
)
\Gin@req@height=\dimen163
\Gin@req@width=\dimen164
) (/usr/share/texlive/texmf-dist/tex/latex/bookmark/bookmark.sty
Package: bookmark 2023-12-10 v1.31 PDF bookmarks (HO)
(/usr/share/texlive/texmf-dist/tex/latex/hyperref/hyperref.sty
Package: hyperref 2024-01-20 v7.01h Hypertext links for LaTeX
(/usr/share/texlive/texmf-dist/tex/generic/kvdefinekeys/kvdefinekeys.sty
Package: kvdefinekeys 2019-12-19 v1.6 Define keys (HO)
) (/usr/share/texlive/texmf-dist/tex/generic/pdfescape/pdfescape.sty
Package: pdfescape 2019/12/09 v1.15 Implements pdfTeX's escape features (HO)
(/usr/share/texlive/texmf-dist/tex/generic/pdftexcmds/pdftexcmds.sty
Package: pdftexcmds 2020-06-27 v0.33 Utility functions of pdfTeX for LuaTeX (HO
)
(/usr/share/texlive/texmf-dist/tex/generic/infwarerr/infwarerr.sty
Package: infwarerr 2019/12/03 v1.5 Providing info/warning/error messages (HO)
)
Package pdftexcmds Info: \pdf@primitive is available.
Package pdftexcmds Info: \pdf@ifprimitive is available.
Package pdftexcmds Info: \pdfdraftmode found.
)) (/usr/share/texlive/texmf-dist/tex/latex/hycolor/hycolor.sty
Package: hycolor 2020-01-27 v1.10 Color options for hyperref/bookmark (HO)
) (/usr/share/texlive/texmf-dist/tex/latex/auxhook/auxhook.sty
Package: auxhook 2019-12-17 v1.6 Hooks for auxiliary files (HO)
) (/usr/share/texlive/texmf-dist/tex/latex/hyperref/nameref.sty
Package: nameref 2023-11-26 v2.56 Cross-referencing by name of section
(/usr/share/texlive/texmf-dist/tex/latex/refcount/refcount.sty
Package: refcount 2019/12/15 v3.6 Data extraction from label references (HO)
) (/usr/share/texlive/texmf-dist/tex/generic/gettitlestring/gettitlestring.sty
Package: gettitlestring 2019/12/15 v1.6 Cleanup title references (HO)
)
\c@section@level=\count282
)
\@linkdim=\dimen165
\Hy@linkcounter=\count283
\Hy@pagecounter=\count284
(/usr/share/texlive/texmf-dist/tex/latex/hyperref/pd1enc.def
File: pd1enc.def 2024-01-20 v7.01h Hyperref: PDFDocEncoding definition (HO)
Now handling font encoding PD1 ...
... no UTF-8 mapping file for font encoding PD1
) (/usr/share/texlive/texmf-dist/tex/generic/intcalc/intcalc.sty
Package: intcalc 2019/12/15 v1.3 Expandable calculations with integers (HO)
)
\Hy@SavedSpaceFactor=\count285
(/usr/share/texlive/texmf-dist/tex/latex/hyperref/puenc.def
File: puenc.def 2024-01-20 v7.01h Hyperref: PDF Unicode definition (HO)
Now handling font encoding PU ...
... no UTF-8 mapping file for font encoding PU
)
Package hyperref Info: Option `unicode' set `true' on input line 4062.
Package hyperref Info: Hyper figures OFF on input line 4179.
Package hyperref Info: Link nesting OFF on input line 4184.
Package hyperref Info: Hyper index ON on input line 4187.
Package hyperref Info: Plain pages OFF on input line 4194.
Package hyperref Info: Backreferencing OFF on input line 4199.
Package hyperref Info: Implicit mode ON; LaTeX internals redefined.
Package hyperref Info: Bookmarks ON on input line 4446.
\c@Hy@tempcnt=\count286
(/usr/share/texlive/texmf-dist/tex/latex/url/url.sty
\Urlmuskip=\muskip17
Package: url 2013/09/16  ver 3.4  Verb mode for urls, etc.
)
LaTeX Info: Redefining \url on input line 4784.
\XeTeXLinkMargin=\dimen166
(/usr/share/texlive/texmf-dist/tex/generic/bitset/bitset.sty
Package: bitset 2019/12/09 v1.3 Handle bit-vector datatype (HO)
(/usr/share/texlive/texmf-dist/tex/generic/bigintcalc/bigintcalc.sty
Package: bigintcalc 2019/12/15 v1.5 Expandable calculations on big integers (HO
)
))
\Fld@menulength=\count287
\Field@Width=\dimen167
\Fld@charsize=\dimen168
Package hyperref Info: Hyper figures OFF on input line 6063.
Package hyperref Info: Link nesting OFF on input line 6068.
Package hyperref Info: Hyper index ON on input line 6071.
Package hyperref Info: backreferencing OFF on input line 6078.
Package hyperref Info: Link coloring OFF on input line 6083.
Package hyperref Info: Link coloring with OCG OFF on input line 6088.
Package hyperref Info: PDF/A mode OFF on input line 6093.
(/usr/share/texlive/texmf-dist/tex/latex/base/atbegshi-ltx.sty
Package: atbegshi-ltx 2021/01/10 v1.0c Emulation of the original atbegshi
package with kernel methods
)
\Hy@abspage=\count288
\c@Item=\count289
\c@Hfootnote=\count290
)
Package hyperref Info: Driver (autodetected): hpdftex.
(/usr/share/texlive/texmf-dist/tex/latex/hyperref/hpdftex.def
File: hpdftex.def 2024-01-20 v7.01h Hyperref driver for pdfTeX
(/usr/share/texlive/texmf-dist/tex/latex/base/atveryend-ltx.sty
Package: atveryend-ltx 2020/08/19 v1.0a Emulation of the original atveryend pac
kage
with kernel methods
)
\Fld@listcount=\count291
\c@bookmark@seq@number=\count292
(/usr/share/texlive/texmf-dist/tex/latex/rerunfilecheck/rerunfilecheck.sty
Package: rerunfilecheck 2022-07-10 v1.10 Rerun checks for auxiliary files (HO)
(/usr/share/texlive/texmf-dist/tex/generic/uniquecounter/uniquecounter.sty
Package: uniquecounter 2019/12/15 v1.4 Provide unlimited unique counter (HO)
)
Package uniquecounter Info: New unique counter `rerunfilecheck' on input line 2
85.
)
\Hy@SectionHShift=\skip55
) (/usr/share/texlive/texmf-dist/tex/latex/bookmark/bkm-pdftex.def
File: bkm-pdftex.def 2023-12-10 v1.31 bookmark driver for pdfTeX and luaTeX (HO
)
\BKM@id=\count293
)) (/usr/share/texlive/texmf-dist/tex/latex/xurl/xurl.sty
Package: xurl 2022/01/09 v 0.10 modify URL breaks
)
LaTeX Font Info:    Trying to load font information for T1+lmr on input line 11
3.
(/usr/share/texmf/tex/latex/lm/t1lmr.fd
File: t1lmr.fd 2015/05/01 v1.6.1 Font defs for Latin Modern
) (/usr/share/texlive/texmf-dist/tex/latex/l3backend/l3backend-pdftex.def
File: l3backend-pdftex.def 2024-01-04 L3 backend support: PDF output (pdfTeX)
\l__color_backend_stack_int=\count294
\l__pdf_internal_box=\box55
) (./saemix3_tteModel.aux)
\openout1 = `saemix3_tteModel.aux'.

LaTeX Font Info:    Checking defaults for OML/cmm/m/it on input line 113.
LaTeX Font Info:    ... okay on input line 113.
LaTeX Font Info:    Checking defaults for OMS/cmsy/m/n on input line 113.
LaTeX Font Info:    ... okay on input line 113.
LaTeX Font Info:    Checking defaults for OT1/cmr/m/n on input line 113.
LaTeX Font Info:    ... okay on input line 113.
LaTeX Font Info:    Checking defaults for T1/cmr/m/n on input line 113.
LaTeX Font Info:    ... okay on input line 113.
LaTeX Font Info:    Checking defaults for TS1/cmr/m/n on input line 113.
LaTeX Font Info:    ... okay on input line 113.
LaTeX Font Info:    Checking defaults for OMX/cmex/m/n on input line 113.
LaTeX Font Info:    ... okay on input line 113.
LaTeX Font Info:    Checking defaults for U/cmr/m/n on input line 113.
LaTeX Font Info:    ... okay on input line 113.
LaTeX Font Info:    Checking defaults for PD1/pdf/m/n on input line 113.
LaTeX Font Info:    ... okay on input line 113.
LaTeX Font Info:    Checking defaults for PU/pdf/m/n on input line 113.
LaTeX Font Info:    ... okay on input line 113.
LaTeX Info: Redefining \microtypecontext on input line 113.
Package microtype Info: Applying patch `item' on input line 113.
Package microtype Info: Applying patch `toc' on input line 113.
Package microtype Info: Applying patch `eqnum' on input line 113.
Package microtype Info: Applying patch `footnote' on input line 113.
Package microtype Info: Applying patch `verbatim' on input line 113.
Package microtype Info: Generating PDF output.
Package microtype Info: Character protrusion enabled (level 2).
Package microtype Info: Using protrusion set `basicmath'.
Package microtype Info: Automatic font expansion enabled (level 2),
(microtype)             stretch: 20, shrink: 20, step: 1, non-selected.
Package microtype Info: Using default expansion set `alltext-nott'.
LaTeX Info: Redefining \showhyphens on input line 113.
Package microtype Info: No adjustment of tracking.
Package microtype Info: No adjustment of interword spacing.
Package microtype Info: No adjustment of character kerning.
(/usr/share/texlive/texmf-dist/tex/latex/microtype/mt-cmr.cfg
File: mt-cmr.cfg 2013/05/19 v2.2 microtype config. file: Computer Modern Roman 
(RS)
) (/usr/share/texlive/texmf-dist/tex/context/base/mkii/supp-pdf.mkii
[Loading MPS to PDF converter (version 2006.09.02).]
\scratchcounter=\count295
\scratchdimen=\dimen169
\scratchbox=\box56
\nofMPsegments=\count296
\nofMParguments=\count297
\everyMPshowfont=\toks28
\MPscratchCnt=\count298
\MPscratchDim=\dimen170
\MPnumerator=\count299
\makeMPintoPDFobject=\count300
\everyMPtoPDFconversion=\toks29
) (/usr/share/texlive/texmf-dist/tex/latex/epstopdf-pkg/epstopdf-base.sty
Package: epstopdf-base 2020-01-24 v2.11 Base part for package epstopdf
Package epstopdf-base Info: Redefining graphics rule for `.eps' on input line 4
85.
(/usr/share/texlive/texmf-dist/tex/latex/latexconfig/epstopdf-sys.cfg
File: epstopdf-sys.cfg 2010/07/13 v1.3 Configuration of (r)epstopdf for TeX Liv
e
))
*geometry* driver: auto-detecting
*geometry* detected driver: pdftex
*geometry* verbose mode - [ preamble ] result:
* driver: pdftex
* paper: <default>
* layout: <same size as paper>
* layoutoffset:(h,v)=(0.0pt,0.0pt)
* modes: 
* h-part:(L,W,R)=(72.26999pt, 469.75502pt, 72.26999pt)
* v-part:(T,H,B)=(72.26999pt, 650.43001pt, 72.26999pt)
* \paperwidth=614.295pt
* \paperheight=794.96999pt
* \textwidth=469.75502pt
* \textheight=650.43001pt
* \oddsidemargin=0.0pt
* \evensidemargin=0.0pt
* \topmargin=-37.0pt
* \headheight=12.0pt
* \headsep=25.0pt
* \topskip=10.0pt
* \footskip=30.0pt
* \marginparwidth=65.0pt
* \marginparsep=11.0pt
* \columnsep=10.0pt
* \skip\footins=9.0pt plus 4.0pt minus 2.0pt
* \hoffset=0.0pt
* \voffset=0.0pt
* \mag=1000
* \@twocolumnfalse
* \@twosidefalse
* \@mparswitchfalse
* \@reversemarginfalse
* (1in=72.27pt=25.4mm, 1cm=28.453pt)

Package hyperref Info: Link coloring OFF on input line 113.
LaTeX Font Info:    Trying to load font information for OT1+lmr on input line 1
15.
(/usr/share/texmf/tex/latex/lm/ot1lmr.fd
File: ot1lmr.fd 2015/05/01 v1.6.1 Font defs for Latin Modern
)
LaTeX Font Info:    Trying to load font information for OML+lmm on input line 1
15.
(/usr/share/texmf/tex/latex/lm/omllmm.fd
File: omllmm.fd 2015/05/01 v1.6.1 Font defs for Latin Modern
)
LaTeX Font Info:    Trying to load font information for OMS+lmsy on input line 
115.
(/usr/share/texmf/tex/latex/lm/omslmsy.fd
File: omslmsy.fd 2015/05/01 v1.6.1 Font defs for Latin Modern
)
LaTeX Font Info:    Trying to load font information for OMX+lmex on input line 
115.
(/usr/share/texmf/tex/latex/lm/omxlmex.fd
File: omxlmex.fd 2015/05/01 v1.6.1 Font defs for Latin Modern
)
LaTeX Font Info:    External font `lmex10' loaded for size
(Font)              <12> on input line 115.
LaTeX Font Info:    External font `lmex10' loaded for size
(Font)              <8> on input line 115.
LaTeX Font Info:    External font `lmex10' loaded for size
(Font)              <6> on input line 115.
LaTeX Font Info:    Trying to load font information for U+msa on input line 115
.
(/usr/share/texlive/texmf-dist/tex/latex/amsfonts/umsa.fd
File: umsa.fd 2013/01/14 v3.01 AMS symbols A
) (/usr/share/texlive/texmf-dist/tex/latex/microtype/mt-msa.cfg
File: mt-msa.cfg 2006/02/04 v1.1 microtype config. file: AMS symbols (a) (RS)
)
LaTeX Font Info:    Trying to load font information for U+msb on input line 115
.
(/usr/share/texlive/texmf-dist/tex/latex/amsfonts/umsb.fd
File: umsb.fd 2013/01/14 v3.01 AMS symbols B
) (/usr/share/texlive/texmf-dist/tex/latex/microtype/mt-msb.cfg
File: mt-msb.cfg 2005/06/01 v1.0 microtype config. file: AMS symbols (b) (RS)
)
LaTeX Font Info:    External font `lmex10' loaded for size
(Font)              <10> on input line 120.
LaTeX Font Info:    External font `lmex10' loaded for size
(Font)              <7> on input line 120.
LaTeX Font Info:    External font `lmex10' loaded for size
(Font)              <5> on input line 120.
LaTeX Font Info:    Trying to load font information for TS1+lmr on input line 1
28.
(/usr/share/texmf/tex/latex/lm/ts1lmr.fd
File: ts1lmr.fd 2015/05/01 v1.6.1 Font defs for Latin Modern
) [1

{/var/lib/texmf/fonts/map/pdftex/updmap/pdftex.map}{/usr/share/texmf/fonts/enc/
dvips/lm/lm-ec.enc}{/usr/share/texmf/fonts/enc/dvips/lm/lm-mathsy.enc}{/usr/sha
re/texmf/fonts/enc/dvips/lm/lm-ts1.enc}{/usr/share/texmf/fonts/enc/dvips/lm/lm-
rm.enc}]
LaTeX Font Info:    Trying to load font information for T1+lmtt on input line 1
99.
(/usr/share/texmf/tex/latex/lm/t1lmtt.fd
File: t1lmtt.fd 2015/05/01 v1.6.1 Font defs for Latin Modern
)
LaTeX Font Info:    Font shape `T1/lmtt/bx/n' in size <10> not available
(Font)              Font shape `T1/lmtt/b/n' tried instead on input line 200.

LaTeX Font Warning: Font shape `T1/lmtt/bx/it' in size <10> not available
(Font)              Font shape `T1/lmtt/b/sl' tried instead on input line 203.

LaTeX Font Info:    Trying to load font information for TS1+lmtt on input line 
227.
(/usr/share/texmf/tex/latex/lm/ts1lmtt.fd
File: ts1lmtt.fd 2015/05/01 v1.6.1 Font defs for Latin Modern
)
<saemix3_tteModel_files/figure-latex/lungTTEData-1.pdf, id=26, 453.695pt x 306.
14375pt>
File: saemix3_tteModel_files/figure-latex/lungTTEData-1.pdf Graphic file (type 
pdf)
<use saemix3_tteModel_files/figure-latex/lungTTEData-1.pdf>
Package pdftex.def Info: saemix3_tteModel_files/figure-latex/lungTTEData-1.pdf 
 used on input line 229.
(pdftex.def)             Requested size: 453.6939pt x 306.14299pt.
[2 <./saemix3_tteModel_files/figure-latex/lungTTEData-1.pdf>]
<saemix3_tteModel_files/figure-latex/lungTTEData-2.pdf, id=43, 453.695pt x 306.
14375pt>
File: saemix3_tteModel_files/figure-latex/lungTTEData-2.pdf Graphic file (type 
pdf)
<use saemix3_tteModel_files/figure-latex/lungTTEData-2.pdf>
Package pdftex.def Info: saemix3_tteModel_files/figure-latex/lungTTEData-2.pdf 
 used on input line 242.
(pdftex.def)             Requested size: 453.6939pt x 306.14299pt.
<saemix3_tteModel_files/figure-latex/lungTTEData-3.pdf, id=44, 434.62375pt x 28
6.06876pt>
File: saemix3_tteModel_files/figure-latex/lungTTEData-3.pdf Graphic file (type 
pdf)
<use saemix3_tteModel_files/figure-latex/lungTTEData-3.pdf>
Package pdftex.def Info: saemix3_tteModel_files/figure-latex/lungTTEData-3.pdf 
 used on input line 251.
(pdftex.def)             Requested size: 434.6293pt x 286.07242pt.
[3 <./saemix3_tteModel_files/figure-latex/lungTTEData-2.pdf>]
<saemix3_tteModel_files/figure-latex/lungKM-1.pdf, id=56, 407.5225pt x 219.8212
4pt>
File: saemix3_tteModel_files/figure-latex/lungKM-1.pdf Graphic file (type pdf)
<use saemix3_tteModel_files/figure-latex/lungKM-1.pdf>
Package pdftex.def Info: saemix3_tteModel_files/figure-latex/lungKM-1.pdf  used
 on input line 285.
(pdftex.def)             Requested size: 407.53394pt x 219.8274pt.
[4 <./saemix3_tteModel_files/figure-latex/lungTTEData-3.pdf>] [5{/usr/share/tex
mf/fonts/enc/dvips/lm/lm-mathit.enc}{/usr/share/texmf/fonts/enc/dvips/lm/lm-mat
hex.enc} <./saemix3_tteModel_files/figure-latex/lungKM-1.pdf>]
<saemix3_tteModel_files/figure-latex/tteWeibullFit-1.pdf, id=90, 419.5675pt x 2
90.08376pt>
File: saemix3_tteModel_files/figure-latex/tteWeibullFit-1.pdf Graphic file (typ
e pdf)
<use saemix3_tteModel_files/figure-latex/tteWeibullFit-1.pdf>
Package pdftex.def Info: saemix3_tteModel_files/figure-latex/tteWeibullFit-1.pd
f  used on input line 343.
(pdftex.def)             Requested size: 419.56647pt x 290.08304pt.

Overfull \hbox (55.24345pt too wide) in paragraph at lines 461--461
[]\T1/lmtt/m/n/10 ##     covariates: age (yr), sex (), ecog1 (-), ecog23 (-), p
h.karno (%), pat.karno (%), ph.ecog (-)[] 
 []

[6 <./saemix3_tteModel_files/figure-latex/tteWeibullFit-1.pdf>] [7]

LaTeX Warning: Command \textendash invalid in math mode on input line 472.

[8]
<saemix3_tteModel_files/figure-latex/simulWeibullTTE-1.pdf, id=115, 436.63126pt
 x 283.0575pt>
File: saemix3_tteModel_files/figure-latex/simulWeibullTTE-1.pdf Graphic file (t
ype pdf)
<use saemix3_tteModel_files/figure-latex/simulWeibullTTE-1.pdf>
Package pdftex.def Info: saemix3_tteModel_files/figure-latex/simulWeibullTTE-1.
pdf  used on input line 524.
(pdftex.def)             Requested size: 436.63019pt x 283.0568pt.
[9]
<saemix3_tteModel_files/figure-latex/WeibullTTEVPC-1.pdf, id=120, 459.7175pt x 
315.1775pt>
File: saemix3_tteModel_files/figure-latex/WeibullTTEVPC-1.pdf Graphic file (typ
e pdf)
<use saemix3_tteModel_files/figure-latex/WeibullTTEVPC-1.pdf>
Package pdftex.def Info: saemix3_tteModel_files/figure-latex/WeibullTTEVPC-1.pd
f  used on input line 549.
(pdftex.def)             Requested size: 459.74442pt x 315.19595pt.
[10 <./saemix3_tteModel_files/figure-latex/simulWeibullTTE-1.pdf>]
<saemix3_tteModel_files/figure-latex/simulWeibullTTEcens-1.pdf, id=135, 448.676
25pt x 298.11375pt>
File: saemix3_tteModel_files/figure-latex/simulWeibullTTEcens-1.pdf Graphic fil
e (type pdf)
<use saemix3_tteModel_files/figure-latex/simulWeibullTTEcens-1.pdf>
Package pdftex.def Info: saemix3_tteModel_files/figure-latex/simulWeibullTTEcen
s-1.pdf  used on input line 580.
(pdftex.def)             Requested size: 448.68884pt x 298.12212pt.
[11 <./saemix3_tteModel_files/figure-latex/WeibullTTEVPC-1.pdf>] [12 <./saemix3
_tteModel_files/figure-latex/simulWeibullTTEcens-1.pdf>]
<saemix3_tteModel_files/figure-latex/lungTTEDiagnosticKM-1.pdf, id=166, 436.631
26pt x 250.9375pt>
File: saemix3_tteModel_files/figure-latex/lungTTEDiagnosticKM-1.pdf Graphic fil
e (type pdf)
<use saemix3_tteModel_files/figure-latex/lungTTEDiagnosticKM-1.pdf>
Package pdftex.def Info: saemix3_tteModel_files/figure-latex/lungTTEDiagnosticK
M-1.pdf  used on input line 638.
(pdftex.def)             Requested size: 436.63019pt x 250.93687pt.
[13 <./saemix3_tteModel_files/figure-latex/lungTTEDiagnosticKM-1.pdf>]
<saemix3_tteModel_files/figure-latex/tteCompareModel-1.pdf, id=182, 410.53375pt
 x 282.05376pt>
File: saemix3_tteModel_files/figure-latex/tteCompareModel-1.pdf Graphic file (t
ype pdf)
<use saemix3_tteModel_files/figure-latex/tteCompareModel-1.pdf>
Package pdftex.def Info: saemix3_tteModel_files/figure-latex/tteCompareModel-1.
pdf  used on input line 688.
(pdftex.def)             Requested size: 410.53275pt x 282.05305pt.
[14]
Overfull \hbox (55.24345pt too wide) in paragraph at lines 803--803
[]\T1/lmtt/m/n/10 ##     covariates: age (yr), sex (), ecog1 (-), ecog23 (-), p
h.karno (%), pat.karno (%), ph.ecog (-)[] 
 []

[15 <./saemix3_tteModel_files/figure-latex/tteCompareModel-1.pdf>] [16]
<saemix3_tteModel_files/figure-latex/tteCompareModel-2.pdf, id=204, 419.5675pt 
x 290.08376pt>
File: saemix3_tteModel_files/figure-latex/tteCompareModel-2.pdf Graphic file (t
ype pdf)
<use saemix3_tteModel_files/figure-latex/tteCompareModel-2.pdf>
Package pdftex.def Info: saemix3_tteModel_files/figure-latex/tteCompareModel-2.
pdf  used on input line 836.
(pdftex.def)             Requested size: 419.56647pt x 290.08304pt.
[17]
Overfull \hbox (55.24345pt too wide) in paragraph at lines 954--954
[]\T1/lmtt/m/n/10 ##     covariates: age (yr), sex (), ecog1 (-), ecog23 (-), p
h.karno (%), pat.karno (%), ph.ecog (-)[] 
 []

[18 <./saemix3_tteModel_files/figure-latex/tteCompareModel-2.pdf>] [19]
Underfull \vbox (badness 10000) detected at line 988
 []

[20]
<saemix3_tteModel_files/figure-latex/tteCompareModel-3.pdf, id=230, 419.5675pt 
x 290.08376pt>
File: saemix3_tteModel_files/figure-latex/tteCompareModel-3.pdf Graphic file (t
ype pdf)
<use saemix3_tteModel_files/figure-latex/tteCompareModel-3.pdf>
Package pdftex.def Info: saemix3_tteModel_files/figure-latex/tteCompareModel-3.
pdf  used on input line 990.
(pdftex.def)             Requested size: 419.56647pt x 290.08304pt.

Overfull \hbox (55.24345pt too wide) in paragraph at lines 1108--1108
[]\T1/lmtt/m/n/10 ##     covariates: age (yr), sex (), ecog1 (-), ecog23 (-), p
h.karno (%), pat.karno (%), ph.ecog (-)[] 
 []

[21 <./saemix3_tteModel_files/figure-latex/tteCompareModel-3.pdf>] [22]
Underfull \vbox (badness 10000) detected at line 1138
 []

[23]
<saemix3_tteModel_files/figure-latex/tteCompareModel-4.pdf, id=251, 419.5675pt 
x 290.08376pt>
File: saemix3_tteModel_files/figure-latex/tteCompareModel-4.pdf Graphic file (t
ype pdf)
<use saemix3_tteModel_files/figure-latex/tteCompareModel-4.pdf>
Package pdftex.def Info: saemix3_tteModel_files/figure-latex/tteCompareModel-4.
pdf  used on input line 1140.
(pdftex.def)             Requested size: 419.56647pt x 290.08304pt.

Overfull \hbox (55.24345pt too wide) in paragraph at lines 1258--1258
[]\T1/lmtt/m/n/10 ##     covariates: age (yr), sex (), ecog1 (-), ecog23 (-), p
h.karno (%), pat.karno (%), ph.ecog (-)[] 
 []

[24 <./saemix3_tteModel_files/figure-latex/tteCompareModel-4.pdf>] [25] [26]
<saemix3_tteModel_files/figure-latex/simuGompertzTTE-1.pdf, id=273, 436.63126pt
 x 283.0575pt>
File: saemix3_tteModel_files/figure-latex/simuGompertzTTE-1.pdf Graphic file (t
ype pdf)
<use saemix3_tteModel_files/figure-latex/simuGompertzTTE-1.pdf>
Package pdftex.def Info: saemix3_tteModel_files/figure-latex/simuGompertzTTE-1.
pdf  used on input line 1321.
(pdftex.def)             Requested size: 436.63019pt x 283.0568pt.
[27 <./saemix3_tteModel_files/figure-latex/simuGompertzTTE-1.pdf>]
<saemix3_tteModel_files/figure-latex/simuGompertzTTE-2.pdf, id=286, 459.7175pt 
x 315.1775pt>
File: saemix3_tteModel_files/figure-latex/simuGompertzTTE-2.pdf Graphic file (t
ype pdf)
<use saemix3_tteModel_files/figure-latex/simuGompertzTTE-2.pdf>
Package pdftex.def Info: saemix3_tteModel_files/figure-latex/simuGompertzTTE-2.
pdf  used on input line 1333.
(pdftex.def)             Requested size: 459.74442pt x 315.19595pt.
<saemix3_tteModel_files/figure-latex/simuGompertzTTE-3.pdf, id=287, 459.7175pt 
x 315.1775pt>
File: saemix3_tteModel_files/figure-latex/simuGompertzTTE-3.pdf Graphic file (t
ype pdf)
<use saemix3_tteModel_files/figure-latex/simuGompertzTTE-3.pdf>
Package pdftex.def Info: saemix3_tteModel_files/figure-latex/simuGompertzTTE-3.
pdf  used on input line 1341.
(pdftex.def)             Requested size: 459.74442pt x 315.19595pt.

Underfull \hbox (badness 10000) in paragraph at lines 1341--1343
[][]
 []

[28 <./saemix3_tteModel_files/figure-latex/simuGompertzTTE-2.pdf>] [29 <./saemi
x3_tteModel_files/figure-latex/simuGompertzTTE-3.pdf>]
Overfull \hbox (55.24345pt too wide) in paragraph at lines 1462--1462
[]\T1/lmtt/m/n/10 ##     covariates: age (yr), sex (), ecog1 (-), ecog23 (-), p
h.karno (%), pat.karno (%), ph.ecog (-)[] 
 []

[30] [31] [32]
Underfull \vbox (badness 10000) detected at line 1648
 []

[33]
<saemix3_tteModel_files/figure-latex/fitRTTE-1.pdf, id=340, 431.6125pt x 297.11
pt>
File: saemix3_tteModel_files/figure-latex/fitRTTE-1.pdf Graphic file (type pdf)

<use saemix3_tteModel_files/figure-latex/fitRTTE-1.pdf>
Package pdftex.def Info: saemix3_tteModel_files/figure-latex/fitRTTE-1.pdf  use
d on input line 1650.
(pdftex.def)             Requested size: 431.6246pt x 297.11833pt.
[34 <./saemix3_tteModel_files/figure-latex/fitRTTE-1.pdf>] [35] (./saemix3_tteM
odel.aux)
 ***********
LaTeX2e <2023-11-01> patch level 1
L3 programming layer <2024-01-22>
 ***********
 ) 
Here is how much of TeX's memory you used:
 14135 strings out of 474222
 225770 string characters out of 5748733
 1950975 words of memory out of 5000000
 35953 multiletter control sequences out of 15000+600000
 611639 words of font info for 157 fonts, out of 8000000 for 9000
 1141 hyphenation exceptions out of 8191
 83i,9n,93p,1013b,788s stack positions out of 10000i,1000n,20000p,200000b,200000s
</usr/share/texmf/fonts/type1/public/lm/lmbx10.pfb></usr/share/texmf/fonts/ty
pe1/public/lm/lmbx12.pfb></usr/share/texmf/fonts/type1/public/lm/lmex10.pfb></u
sr/share/texmf/fonts/type1/public/lm/lmmi10.pfb></usr/share/texmf/fonts/type1/p
ublic/lm/lmmi5.pfb></usr/share/texmf/fonts/type1/public/lm/lmmi7.pfb></usr/shar
e/texmf/fonts/type1/public/lm/lmr10.pfb></usr/share/texmf/fonts/type1/public/lm
/lmr12.pfb></usr/share/texmf/fonts/type1/public/lm/lmr17.pfb></usr/share/texmf/
fonts/type1/public/lm/lmr5.pfb></usr/share/texmf/fonts/type1/public/lm/lmr7.pfb
></usr/share/texmf/fonts/type1/public/lm/lmri10.pfb></usr/share/texmf/fonts/typ
e1/public/lm/lmsy10.pfb></usr/share/texmf/fonts/type1/public/lm/lmsy5.pfb></usr
/share/texmf/fonts/type1/public/lm/lmsy7.pfb></usr/share/texmf/fonts/type1/publ
ic/lm/lmtk10.pfb></usr/share/texmf/fonts/type1/public/lm/lmtko10.pfb></usr/shar
e/texmf/fonts/type1/public/lm/lmtt10.pfb></usr/share/texmf/fonts/type1/public/l
m/lmtti10.pfb>
Output written on saemix3_tteModel.pdf (35 pages, 592539 bytes).
PDF statistics:
 489 PDF objects out of 1000 (max. 8388607)
 355 compressed objects within 4 object streams
 64 named destinations out of 1000 (max. 500000)
 26750 words of extra memory for PDF output out of 29859 (max. 10000000)

