
R version 4.3.3 (2024-02-29) -- "Angel Food Cake"
Copyright (C) 2024 The R Foundation for Statistical Computing
Platform: x86_64-pc-linux-gnu (64-bit)

R est un logiciel libre livré sans AUCUNE GARANTIE.
Vous pouvez le redistribuer sous certaines conditions.
Tapez 'license()' ou 'licence()' pour plus de détails.

  Natural language support but running in an English locale

R is a collaborative project with many contributors.
Type 'contributors()' for more information and
'citation()' on how to cite R or R packages in publications.

Tapez 'demo()' pour des démonstrations, 'help()' pour l'aide
en ligne ou 'help.start()' pour obtenir l'aide au format HTML.
Tapez 'q()' pour quitter R.

> # Loading libraries
> library(xtable)
> library(ggplot2)
> 
> # Loading saemix
> library(saemix)
Le chargement a nécessité le package : npde
Package saemix, version 3.3, November 2023
  please direct bugs, questions and feedback to emmanuelle.comets@inserm.fr


Attachement du package : ‘saemix’

Les objets suivants sont masqués depuis ‘package:npde’:

    kurtosis, skewness

> 
> # Folders
> saemixDir<-"/home/eco/work/saemix/saemixextension"
> workDir<-file.path(saemixDir, "paperSaemix3")
> # setwd(workDir)
> figDir <- file.path(workDir, "figs")
> nsim<-200 # Number of simulations
> saveFigures <- FALSE
> 
> ###################################################### Data
> data(lung.saemix)
> 
> # Managing covariates
> ## create dummy covariates for ECOG=1 and ECOG=2 or 3
> ## impute missing pat.karno to the median
> lung2<-lung.saemix
> lung2$ecog1<-ifelse(lung2$ph.ecog==1,1,0)
> lung2$ecog23<-ifelse(lung2$ph.ecog>1,1,0)
> lung2$pat.karno[is.na(lung2$pat.karno)]<-median(lung2$pat.karno, na.rm=TRUE)
> 
> saemix.data<-saemixData(name.data=lung2,header=TRUE,name.group=c("id"),
+                         name.predictors=c("time","status","cens"),name.response=c("status"),
+                         name.covariates=c("age", "sex", "ecog1","ecog23", "ph.karno", "pat.karno"),
+                         units=list(x="days",y="",covariates=c("yr","","-","-","%","%")), verbose=FALSE)
> 
> ###################################################### Fit Weibull model
> 
> weibulltte.model<-function(psi,id,xidep) {
+   T<-xidep[,1]
+   y<-xidep[,2] # events (1=event, 0=no event)
+   cens<-which(xidep[,3]==1) # censoring times (subject specific)
+   init <- which(T==0)
+   Te <- psi[id,1] # Parameters of the Weibull model
+   gamma <- psi[id,2]
+   Nj <- length(T)
+   
+   ind <- setdiff(1:Nj, append(init,cens)) # indices of events
+   hazard <- (gamma/Te)*(T/Te)^(gamma-1) # h
+   H <- (T/Te)^gamma # H=ln(S)
+   logpdf <- rep(0,Nj) # ln(l(T=0))=0
+   logpdf[cens] <- -H[cens] + H[cens-1] # ln(l(T=censoring time))=ln(S)=-H
+   logpdf[ind] <- -H[ind] + H[ind-1] + log(hazard[ind]) # ln(l(T=event time))=ln(S)+ln(h)
+   return(logpdf)
+ }
> 
> saemix.model<-saemixModel(model=weibulltte.model,description="Weibull TTE model",modeltype="likelihood",
+                           psi0=matrix(c(1,2),ncol=2,byrow=TRUE,dimnames=list(NULL,  c("Te","gamma"))),
+                           transform.par=c(1,1),covariance.model=matrix(c(1,0,0,0),ncol=2, byrow=TRUE), verbose=FALSE)
> saemix.options<-list(seed=632545,save=FALSE,save.graphs=FALSE, displayProgress=FALSE, print=FALSE)
> tte.fit<-saemix(saemix.model,saemix.data,saemix.options)
> 
> ###################################################### Covariate selection
> 
> covtte.fit <- step.saemix(tte.fit, direction="both")


The following SaemixModel object was successfully created:

Nonlinear mixed-effects model
  Model function
  Model type:  likelihood
function (psi, id, xidep) 
{
    T <- xidep[, 1]
    y <- xidep[, 2]
    cens <- which(xidep[, 3] == 1)
    init <- which(T == 0)
    Te <- psi[id, 1]
    gamma <- psi[id, 2]
    Nj <- length(T)
    ind <- setdiff(1:Nj, append(init, cens))
    hazard <- (gamma/Te) * (T/Te)^(gamma - 1)
    H <- (T/Te)^gamma
    logpdf <- rep(0, Nj)
    logpdf[cens] <- -H[cens] + H[cens - 1]
    logpdf[ind] <- -H[ind] + H[ind - 1] + log(hazard[ind])
    return(logpdf)
}
<bytecode: 0x58a405b54b00>
  Nb of parameters: 2 
      parameter names:  Te gamma 
      distribution:
     Parameter Distribution Estimated
[1,] Te        log-normal   Estimated
[2,] gamma     log-normal   Estimated
  Variance-covariance matrix:
      Te gamma
Te     1     0
gamma  0     0
    No covariate in the model.
    Initial values
             Te gamma
Pop.CondInit  1     2


The following SaemixModel object was successfully created:

Nonlinear mixed-effects model
  Model function
  Model type:  likelihood
function (psi, id, xidep) 
{
    T <- xidep[, 1]
    y <- xidep[, 2]
    cens <- which(xidep[, 3] == 1)
    init <- which(T == 0)
    Te <- psi[id, 1]
    gamma <- psi[id, 2]
    Nj <- length(T)
    ind <- setdiff(1:Nj, append(init, cens))
    hazard <- (gamma/Te) * (T/Te)^(gamma - 1)
    H <- (T/Te)^gamma
    logpdf <- rep(0, Nj)
    logpdf[cens] <- -H[cens] + H[cens - 1]
    logpdf[ind] <- -H[ind] + H[ind - 1] + log(hazard[ind])
    return(logpdf)
}
<bytecode: 0x58a405b54b00>
  Nb of parameters: 2 
      parameter names:  Te gamma 
      distribution:
     Parameter Distribution Estimated
[1,] Te        log-normal   Estimated
[2,] gamma     log-normal   Estimated
  Variance-covariance matrix:
      Te gamma
Te     0     0
gamma  0     1
    No covariate in the model.
    Initial values
             Te gamma
Pop.CondInit  1     2


The following SaemixModel object was successfully created:

Nonlinear mixed-effects model
  Model function
  Model type:  likelihood
function (psi, id, xidep) 
{
    T <- xidep[, 1]
    y <- xidep[, 2]
    cens <- which(xidep[, 3] == 1)
    init <- which(T == 0)
    Te <- psi[id, 1]
    gamma <- psi[id, 2]
    Nj <- length(T)
    ind <- setdiff(1:Nj, append(init, cens))
    hazard <- (gamma/Te) * (T/Te)^(gamma - 1)
    H <- (T/Te)^gamma
    logpdf <- rep(0, Nj)
    logpdf[cens] <- -H[cens] + H[cens - 1]
    logpdf[ind] <- -H[ind] + H[ind - 1] + log(hazard[ind])
    return(logpdf)
}
<bytecode: 0x58a405b54b00>
  Nb of parameters: 2 
      parameter names:  Te gamma 
      distribution:
     Parameter Distribution Estimated
[1,] Te        log-normal   Estimated
[2,] gamma     log-normal   Estimated
  Variance-covariance matrix:
      Te gamma
Te     1     0
gamma  0     1
    No covariate in the model.
    Initial values
             Te gamma
Pop.CondInit  1     2


The following SaemixModel object was successfully created:

Nonlinear mixed-effects model
  Model function
  Model type:  likelihood
function (psi, id, xidep) 
{
    T <- xidep[, 1]
    y <- xidep[, 2]
    cens <- which(xidep[, 3] == 1)
    init <- which(T == 0)
    Te <- psi[id, 1]
    gamma <- psi[id, 2]
    Nj <- length(T)
    ind <- setdiff(1:Nj, append(init, cens))
    hazard <- (gamma/Te) * (T/Te)^(gamma - 1)
    H <- (T/Te)^gamma
    logpdf <- rep(0, Nj)
    logpdf[cens] <- -H[cens] + H[cens - 1]
    logpdf[ind] <- -H[ind] + H[ind - 1] + log(hazard[ind])
    return(logpdf)
}
<bytecode: 0x58a405b54b00>
  Nb of parameters: 2 
      parameter names:  Te gamma 
      distribution:
     Parameter Distribution Estimated
[1,] Te        log-normal   Estimated
[2,] gamma     log-normal   Estimated
  Variance-covariance matrix:
      Te gamma
Te     1     0
gamma  0     0
  Covariate model:
     Te gamma
[1,]  1     0
[2,]  0     0
[3,]  0     0
[4,]  0     0
[5,]  0     0
[6,]  0     0
    Initial values
             Te gamma
Pop.CondInit  1     2
              0     0


The following SaemixModel object was successfully created:

Nonlinear mixed-effects model
  Model function
  Model type:  likelihood
function (psi, id, xidep) 
{
    T <- xidep[, 1]
    y <- xidep[, 2]
    cens <- which(xidep[, 3] == 1)
    init <- which(T == 0)
    Te <- psi[id, 1]
    gamma <- psi[id, 2]
    Nj <- length(T)
    ind <- setdiff(1:Nj, append(init, cens))
    hazard <- (gamma/Te) * (T/Te)^(gamma - 1)
    H <- (T/Te)^gamma
    logpdf <- rep(0, Nj)
    logpdf[cens] <- -H[cens] + H[cens - 1]
    logpdf[ind] <- -H[ind] + H[ind - 1] + log(hazard[ind])
    return(logpdf)
}
<bytecode: 0x58a405b54b00>
  Nb of parameters: 2 
      parameter names:  Te gamma 
      distribution:
     Parameter Distribution Estimated
[1,] Te        log-normal   Estimated
[2,] gamma     log-normal   Estimated
  Variance-covariance matrix:
      Te gamma
Te     1     0
gamma  0     0
  Covariate model:
     Te gamma
[1,]  0     0
[2,]  1     0
[3,]  0     0
[4,]  0     0
[5,]  0     0
[6,]  0     0
    Initial values
             Te gamma
Pop.CondInit  1     2
              0     0


The following SaemixModel object was successfully created:

Nonlinear mixed-effects model
  Model function
  Model type:  likelihood
function (psi, id, xidep) 
{
    T <- xidep[, 1]
    y <- xidep[, 2]
    cens <- which(xidep[, 3] == 1)
    init <- which(T == 0)
    Te <- psi[id, 1]
    gamma <- psi[id, 2]
    Nj <- length(T)
    ind <- setdiff(1:Nj, append(init, cens))
    hazard <- (gamma/Te) * (T/Te)^(gamma - 1)
    H <- (T/Te)^gamma
    logpdf <- rep(0, Nj)
    logpdf[cens] <- -H[cens] + H[cens - 1]
    logpdf[ind] <- -H[ind] + H[ind - 1] + log(hazard[ind])
    return(logpdf)
}
<bytecode: 0x58a405b54b00>
  Nb of parameters: 2 
      parameter names:  Te gamma 
      distribution:
     Parameter Distribution Estimated
[1,] Te        log-normal   Estimated
[2,] gamma     log-normal   Estimated
  Variance-covariance matrix:
      Te gamma
Te     1     0
gamma  0     0
  Covariate model:
     Te gamma
[1,]  0     0
[2,]  0     0
[3,]  1     0
[4,]  0     0
[5,]  0     0
[6,]  0     0
    Initial values
             Te gamma
Pop.CondInit  1     2
              0     0


The following SaemixModel object was successfully created:

Nonlinear mixed-effects model
  Model function
  Model type:  likelihood
function (psi, id, xidep) 
{
    T <- xidep[, 1]
    y <- xidep[, 2]
    cens <- which(xidep[, 3] == 1)
    init <- which(T == 0)
    Te <- psi[id, 1]
    gamma <- psi[id, 2]
    Nj <- length(T)
    ind <- setdiff(1:Nj, append(init, cens))
    hazard <- (gamma/Te) * (T/Te)^(gamma - 1)
    H <- (T/Te)^gamma
    logpdf <- rep(0, Nj)
    logpdf[cens] <- -H[cens] + H[cens - 1]
    logpdf[ind] <- -H[ind] + H[ind - 1] + log(hazard[ind])
    return(logpdf)
}
<bytecode: 0x58a405b54b00>
  Nb of parameters: 2 
      parameter names:  Te gamma 
      distribution:
     Parameter Distribution Estimated
[1,] Te        log-normal   Estimated
[2,] gamma     log-normal   Estimated
  Variance-covariance matrix:
      Te gamma
Te     1     0
gamma  0     0
  Covariate model:
     Te gamma
[1,]  0     0
[2,]  0     0
[3,]  0     0
[4,]  1     0
[5,]  0     0
[6,]  0     0
    Initial values
             Te gamma
Pop.CondInit  1     2
              0     0


The following SaemixModel object was successfully created:

Nonlinear mixed-effects model
  Model function
  Model type:  likelihood
function (psi, id, xidep) 
{
    T <- xidep[, 1]
    y <- xidep[, 2]
    cens <- which(xidep[, 3] == 1)
    init <- which(T == 0)
    Te <- psi[id, 1]
    gamma <- psi[id, 2]
    Nj <- length(T)
    ind <- setdiff(1:Nj, append(init, cens))
    hazard <- (gamma/Te) * (T/Te)^(gamma - 1)
    H <- (T/Te)^gamma
    logpdf <- rep(0, Nj)
    logpdf[cens] <- -H[cens] + H[cens - 1]
    logpdf[ind] <- -H[ind] + H[ind - 1] + log(hazard[ind])
    return(logpdf)
}
<bytecode: 0x58a405b54b00>
  Nb of parameters: 2 
      parameter names:  Te gamma 
      distribution:
     Parameter Distribution Estimated
[1,] Te        log-normal   Estimated
[2,] gamma     log-normal   Estimated
  Variance-covariance matrix:
      Te gamma
Te     1     0
gamma  0     0
  Covariate model:
     Te gamma
[1,]  0     0
[2,]  0     0
[3,]  0     0
[4,]  0     0
[5,]  1     0
[6,]  0     0
    Initial values
             Te gamma
Pop.CondInit  1     2
              0     0


The following SaemixModel object was successfully created:

Nonlinear mixed-effects model
  Model function
  Model type:  likelihood
function (psi, id, xidep) 
{
    T <- xidep[, 1]
    y <- xidep[, 2]
    cens <- which(xidep[, 3] == 1)
    init <- which(T == 0)
    Te <- psi[id, 1]
    gamma <- psi[id, 2]
    Nj <- length(T)
    ind <- setdiff(1:Nj, append(init, cens))
    hazard <- (gamma/Te) * (T/Te)^(gamma - 1)
    H <- (T/Te)^gamma
    logpdf <- rep(0, Nj)
    logpdf[cens] <- -H[cens] + H[cens - 1]
    logpdf[ind] <- -H[ind] + H[ind - 1] + log(hazard[ind])
    return(logpdf)
}
<bytecode: 0x58a405b54b00>
  Nb of parameters: 2 
      parameter names:  Te gamma 
      distribution:
     Parameter Distribution Estimated
[1,] Te        log-normal   Estimated
[2,] gamma     log-normal   Estimated
  Variance-covariance matrix:
      Te gamma
Te     1     0
gamma  0     0
  Covariate model:
     Te gamma
[1,]  0     0
[2,]  0     0
[3,]  0     0
[4,]  0     0
[5,]  0     0
[6,]  1     0
    Initial values
             Te gamma
Pop.CondInit  1     2
              0     0


The following SaemixModel object was successfully created:

Nonlinear mixed-effects model
  Model function
  Model type:  likelihood
function (psi, id, xidep) 
{
    T <- xidep[, 1]
    y <- xidep[, 2]
    cens <- which(xidep[, 3] == 1)
    init <- which(T == 0)
    Te <- psi[id, 1]
    gamma <- psi[id, 2]
    Nj <- length(T)
    ind <- setdiff(1:Nj, append(init, cens))
    hazard <- (gamma/Te) * (T/Te)^(gamma - 1)
    H <- (T/Te)^gamma
    logpdf <- rep(0, Nj)
    logpdf[cens] <- -H[cens] + H[cens - 1]
    logpdf[ind] <- -H[ind] + H[ind - 1] + log(hazard[ind])
    return(logpdf)
}
<bytecode: 0x58a405b54b00>
  Nb of parameters: 2 
      parameter names:  Te gamma 
      distribution:
     Parameter Distribution Estimated
[1,] Te        log-normal   Estimated
[2,] gamma     log-normal   Estimated
  Variance-covariance matrix:
      Te gamma
Te     1     0
gamma  0     0
  Covariate model:
     Te gamma
[1,]  0     1
[2,]  0     0
[3,]  0     0
[4,]  0     0
[5,]  0     0
[6,]  0     0
    Initial values
             Te gamma
Pop.CondInit  1     2
              0     0


The following SaemixModel object was successfully created:

Nonlinear mixed-effects model
  Model function
  Model type:  likelihood
function (psi, id, xidep) 
{
    T <- xidep[, 1]
    y <- xidep[, 2]
    cens <- which(xidep[, 3] == 1)
    init <- which(T == 0)
    Te <- psi[id, 1]
    gamma <- psi[id, 2]
    Nj <- length(T)
    ind <- setdiff(1:Nj, append(init, cens))
    hazard <- (gamma/Te) * (T/Te)^(gamma - 1)
    H <- (T/Te)^gamma
    logpdf <- rep(0, Nj)
    logpdf[cens] <- -H[cens] + H[cens - 1]
    logpdf[ind] <- -H[ind] + H[ind - 1] + log(hazard[ind])
    return(logpdf)
}
<bytecode: 0x58a405b54b00>
  Nb of parameters: 2 
      parameter names:  Te gamma 
      distribution:
     Parameter Distribution Estimated
[1,] Te        log-normal   Estimated
[2,] gamma     log-normal   Estimated
  Variance-covariance matrix:
      Te gamma
Te     1     0
gamma  0     0
  Covariate model:
     Te gamma
[1,]  0     0
[2,]  0     1
[3,]  0     0
[4,]  0     0
[5,]  0     0
[6,]  0     0
    Initial values
             Te gamma
Pop.CondInit  1     2
              0     0


The following SaemixModel object was successfully created:

Nonlinear mixed-effects model
  Model function
  Model type:  likelihood
function (psi, id, xidep) 
{
    T <- xidep[, 1]
    y <- xidep[, 2]
    cens <- which(xidep[, 3] == 1)
    init <- which(T == 0)
    Te <- psi[id, 1]
    gamma <- psi[id, 2]
    Nj <- length(T)
    ind <- setdiff(1:Nj, append(init, cens))
    hazard <- (gamma/Te) * (T/Te)^(gamma - 1)
    H <- (T/Te)^gamma
    logpdf <- rep(0, Nj)
    logpdf[cens] <- -H[cens] + H[cens - 1]
    logpdf[ind] <- -H[ind] + H[ind - 1] + log(hazard[ind])
    return(logpdf)
}
<bytecode: 0x58a405b54b00>
  Nb of parameters: 2 
      parameter names:  Te gamma 
      distribution:
     Parameter Distribution Estimated
[1,] Te        log-normal   Estimated
[2,] gamma     log-normal   Estimated
  Variance-covariance matrix:
      Te gamma
Te     1     0
gamma  0     0
  Covariate model:
     Te gamma
[1,]  0     0
[2,]  0     0
[3,]  0     1
[4,]  0     0
[5,]  0     0
[6,]  0     0
    Initial values
             Te gamma
Pop.CondInit  1     2
              0     0


The following SaemixModel object was successfully created:

Nonlinear mixed-effects model
  Model function
  Model type:  likelihood
function (psi, id, xidep) 
{
    T <- xidep[, 1]
    y <- xidep[, 2]
    cens <- which(xidep[, 3] == 1)
    init <- which(T == 0)
    Te <- psi[id, 1]
    gamma <- psi[id, 2]
    Nj <- length(T)
    ind <- setdiff(1:Nj, append(init, cens))
    hazard <- (gamma/Te) * (T/Te)^(gamma - 1)
    H <- (T/Te)^gamma
    logpdf <- rep(0, Nj)
    logpdf[cens] <- -H[cens] + H[cens - 1]
    logpdf[ind] <- -H[ind] + H[ind - 1] + log(hazard[ind])
    return(logpdf)
}
<bytecode: 0x58a405b54b00>
  Nb of parameters: 2 
      parameter names:  Te gamma 
      distribution:
     Parameter Distribution Estimated
[1,] Te        log-normal   Estimated
[2,] gamma     log-normal   Estimated
  Variance-covariance matrix:
      Te gamma
Te     1     0
gamma  0     0
  Covariate model:
     Te gamma
[1,]  0     0
[2,]  0     0
[3,]  0     0
[4,]  0     1
[5,]  0     0
[6,]  0     0
    Initial values
             Te gamma
Pop.CondInit  1     2
              0     0


The following SaemixModel object was successfully created:

Nonlinear mixed-effects model
  Model function
  Model type:  likelihood
function (psi, id, xidep) 
{
    T <- xidep[, 1]
    y <- xidep[, 2]
    cens <- which(xidep[, 3] == 1)
    init <- which(T == 0)
    Te <- psi[id, 1]
    gamma <- psi[id, 2]
    Nj <- length(T)
    ind <- setdiff(1:Nj, append(init, cens))
    hazard <- (gamma/Te) * (T/Te)^(gamma - 1)
    H <- (T/Te)^gamma
    logpdf <- rep(0, Nj)
    logpdf[cens] <- -H[cens] + H[cens - 1]
    logpdf[ind] <- -H[ind] + H[ind - 1] + log(hazard[ind])
    return(logpdf)
}
<bytecode: 0x58a405b54b00>
  Nb of parameters: 2 
      parameter names:  Te gamma 
      distribution:
     Parameter Distribution Estimated
[1,] Te        log-normal   Estimated
[2,] gamma     log-normal   Estimated
  Variance-covariance matrix:
      Te gamma
Te     1     0
gamma  0     0
  Covariate model:
     Te gamma
[1,]  0     0
[2,]  0     0
[3,]  0     0
[4,]  0     0
[5,]  0     1
[6,]  0     0
    Initial values
             Te gamma
Pop.CondInit  1     2
              0     0


The following SaemixModel object was successfully created:

Nonlinear mixed-effects model
  Model function
  Model type:  likelihood
function (psi, id, xidep) 
{
    T <- xidep[, 1]
    y <- xidep[, 2]
    cens <- which(xidep[, 3] == 1)
    init <- which(T == 0)
    Te <- psi[id, 1]
    gamma <- psi[id, 2]
    Nj <- length(T)
    ind <- setdiff(1:Nj, append(init, cens))
    hazard <- (gamma/Te) * (T/Te)^(gamma - 1)
    H <- (T/Te)^gamma
    logpdf <- rep(0, Nj)
    logpdf[cens] <- -H[cens] + H[cens - 1]
    logpdf[ind] <- -H[ind] + H[ind - 1] + log(hazard[ind])
    return(logpdf)
}
<bytecode: 0x58a405b54b00>
  Nb of parameters: 2 
      parameter names:  Te gamma 
      distribution:
     Parameter Distribution Estimated
[1,] Te        log-normal   Estimated
[2,] gamma     log-normal   Estimated
  Variance-covariance matrix:
      Te gamma
Te     1     0
gamma  0     0
  Covariate model:
     Te gamma
[1,]  0     0
[2,]  0     0
[3,]  0     0
[4,]  0     0
[5,]  0     0
[6,]  0     1
    Initial values
             Te gamma
Pop.CondInit  1     2
              0     0


The following SaemixModel object was successfully created:

Nonlinear mixed-effects model
  Model function
  Model type:  likelihood
function (psi, id, xidep) 
{
    T <- xidep[, 1]
    y <- xidep[, 2]
    cens <- which(xidep[, 3] == 1)
    init <- which(T == 0)
    Te <- psi[id, 1]
    gamma <- psi[id, 2]
    Nj <- length(T)
    ind <- setdiff(1:Nj, append(init, cens))
    hazard <- (gamma/Te) * (T/Te)^(gamma - 1)
    H <- (T/Te)^gamma
    logpdf <- rep(0, Nj)
    logpdf[cens] <- -H[cens] + H[cens - 1]
    logpdf[ind] <- -H[ind] + H[ind - 1] + log(hazard[ind])
    return(logpdf)
}
<bytecode: 0x58a405b54b00>
  Nb of parameters: 2 
      parameter names:  Te gamma 
      distribution:
     Parameter Distribution Estimated
[1,] Te        log-normal   Estimated
[2,] gamma     log-normal   Estimated
  Variance-covariance matrix:
      Te gamma
Te     1     0
gamma  0     0
  Covariate model:
     Te gamma
[1,]  0     0
[2,]  0     0
[3,]  0     0
[4,]  1     0
[5,]  0     0
[6,]  0     0
    Initial values
             Te gamma
Pop.CondInit  1     2
              0     0


The following SaemixModel object was successfully created:

Nonlinear mixed-effects model
  Model function
  Model type:  likelihood
function (psi, id, xidep) 
{
    T <- xidep[, 1]
    y <- xidep[, 2]
    cens <- which(xidep[, 3] == 1)
    init <- which(T == 0)
    Te <- psi[id, 1]
    gamma <- psi[id, 2]
    Nj <- length(T)
    ind <- setdiff(1:Nj, append(init, cens))
    hazard <- (gamma/Te) * (T/Te)^(gamma - 1)
    H <- (T/Te)^gamma
    logpdf <- rep(0, Nj)
    logpdf[cens] <- -H[cens] + H[cens - 1]
    logpdf[ind] <- -H[ind] + H[ind - 1] + log(hazard[ind])
    return(logpdf)
}
<bytecode: 0x58a405b54b00>
  Nb of parameters: 2 
      parameter names:  Te gamma 
      distribution:
     Parameter Distribution Estimated
[1,] Te        log-normal   Estimated
[2,] gamma     log-normal   Estimated
  Variance-covariance matrix:
      Te gamma
Te     0     0
gamma  0     1
  Covariate model:
     Te gamma
[1,]  0     0
[2,]  0     0
[3,]  0     0
[4,]  1     0
[5,]  0     0
[6,]  0     0
    Initial values
             Te gamma
Pop.CondInit  1     2
              0     0


The following SaemixModel object was successfully created:

Nonlinear mixed-effects model
  Model function
  Model type:  likelihood
function (psi, id, xidep) 
{
    T <- xidep[, 1]
    y <- xidep[, 2]
    cens <- which(xidep[, 3] == 1)
    init <- which(T == 0)
    Te <- psi[id, 1]
    gamma <- psi[id, 2]
    Nj <- length(T)
    ind <- setdiff(1:Nj, append(init, cens))
    hazard <- (gamma/Te) * (T/Te)^(gamma - 1)
    H <- (T/Te)^gamma
    logpdf <- rep(0, Nj)
    logpdf[cens] <- -H[cens] + H[cens - 1]
    logpdf[ind] <- -H[ind] + H[ind - 1] + log(hazard[ind])
    return(logpdf)
}
<bytecode: 0x58a405b54b00>
  Nb of parameters: 2 
      parameter names:  Te gamma 
      distribution:
     Parameter Distribution Estimated
[1,] Te        log-normal   Estimated
[2,] gamma     log-normal   Estimated
  Variance-covariance matrix:
      Te gamma
Te     1     0
gamma  0     1
  Covariate model:
     Te gamma
[1,]  0     0
[2,]  0     0
[3,]  0     0
[4,]  1     0
[5,]  0     0
[6,]  0     0
    Initial values
             Te gamma
Pop.CondInit  1     2
              0     0


The following SaemixModel object was successfully created:

Nonlinear mixed-effects model
  Model function
  Model type:  likelihood
function (psi, id, xidep) 
{
    T <- xidep[, 1]
    y <- xidep[, 2]
    cens <- which(xidep[, 3] == 1)
    init <- which(T == 0)
    Te <- psi[id, 1]
    gamma <- psi[id, 2]
    Nj <- length(T)
    ind <- setdiff(1:Nj, append(init, cens))
    hazard <- (gamma/Te) * (T/Te)^(gamma - 1)
    H <- (T/Te)^gamma
    logpdf <- rep(0, Nj)
    logpdf[cens] <- -H[cens] + H[cens - 1]
    logpdf[ind] <- -H[ind] + H[ind - 1] + log(hazard[ind])
    return(logpdf)
}
<bytecode: 0x58a405b54b00>
  Nb of parameters: 2 
      parameter names:  Te gamma 
      distribution:
     Parameter Distribution Estimated
[1,] Te        log-normal   Estimated
[2,] gamma     log-normal   Estimated
  Variance-covariance matrix:
      Te gamma
Te     0     0
gamma  0     1
  Covariate model:
     Te gamma
[1,]  1     0
[2,]  0     0
[3,]  0     0
[4,]  1     0
[5,]  0     0
[6,]  0     0
    Initial values
             Te gamma
Pop.CondInit  1     2
              0     0


The following SaemixModel object was successfully created:

Nonlinear mixed-effects model
  Model function
  Model type:  likelihood
function (psi, id, xidep) 
{
    T <- xidep[, 1]
    y <- xidep[, 2]
    cens <- which(xidep[, 3] == 1)
    init <- which(T == 0)
    Te <- psi[id, 1]
    gamma <- psi[id, 2]
    Nj <- length(T)
    ind <- setdiff(1:Nj, append(init, cens))
    hazard <- (gamma/Te) * (T/Te)^(gamma - 1)
    H <- (T/Te)^gamma
    logpdf <- rep(0, Nj)
    logpdf[cens] <- -H[cens] + H[cens - 1]
    logpdf[ind] <- -H[ind] + H[ind - 1] + log(hazard[ind])
    return(logpdf)
}
<bytecode: 0x58a405b54b00>
  Nb of parameters: 2 
      parameter names:  Te gamma 
      distribution:
     Parameter Distribution Estimated
[1,] Te        log-normal   Estimated
[2,] gamma     log-normal   Estimated
  Variance-covariance matrix:
      Te gamma
Te     0     0
gamma  0     1
  Covariate model:
     Te gamma
[1,]  0     0
[2,]  1     0
[3,]  0     0
[4,]  1     0
[5,]  0     0
[6,]  0     0
    Initial values
             Te gamma
Pop.CondInit  1     2
              0     0


The following SaemixModel object was successfully created:

Nonlinear mixed-effects model
  Model function
  Model type:  likelihood
function (psi, id, xidep) 
{
    T <- xidep[, 1]
    y <- xidep[, 2]
    cens <- which(xidep[, 3] == 1)
    init <- which(T == 0)
    Te <- psi[id, 1]
    gamma <- psi[id, 2]
    Nj <- length(T)
    ind <- setdiff(1:Nj, append(init, cens))
    hazard <- (gamma/Te) * (T/Te)^(gamma - 1)
    H <- (T/Te)^gamma
    logpdf <- rep(0, Nj)
    logpdf[cens] <- -H[cens] + H[cens - 1]
    logpdf[ind] <- -H[ind] + H[ind - 1] + log(hazard[ind])
    return(logpdf)
}
<bytecode: 0x58a405b54b00>
  Nb of parameters: 2 
      parameter names:  Te gamma 
      distribution:
     Parameter Distribution Estimated
[1,] Te        log-normal   Estimated
[2,] gamma     log-normal   Estimated
  Variance-covariance matrix:
      Te gamma
Te     0     0
gamma  0     1
  Covariate model:
     Te gamma
[1,]  0     0
[2,]  0     0
[3,]  1     0
[4,]  1     0
[5,]  0     0
[6,]  0     0
    Initial values
             Te gamma
Pop.CondInit  1     2
              0     0


The following SaemixModel object was successfully created:

Nonlinear mixed-effects model
  Model function
  Model type:  likelihood
function (psi, id, xidep) 
{
    T <- xidep[, 1]
    y <- xidep[, 2]
    cens <- which(xidep[, 3] == 1)
    init <- which(T == 0)
    Te <- psi[id, 1]
    gamma <- psi[id, 2]
    Nj <- length(T)
    ind <- setdiff(1:Nj, append(init, cens))
    hazard <- (gamma/Te) * (T/Te)^(gamma - 1)
    H <- (T/Te)^gamma
    logpdf <- rep(0, Nj)
    logpdf[cens] <- -H[cens] + H[cens - 1]
    logpdf[ind] <- -H[ind] + H[ind - 1] + log(hazard[ind])
    return(logpdf)
}
<bytecode: 0x58a405b54b00>
  Nb of parameters: 2 
      parameter names:  Te gamma 
      distribution:
     Parameter Distribution Estimated
[1,] Te        log-normal   Estimated
[2,] gamma     log-normal   Estimated
  Variance-covariance matrix:
      Te gamma
Te     0     0
gamma  0     1
    No covariate in the model.
    Initial values
             Te gamma
Pop.CondInit  1     2


The following SaemixModel object was successfully created:

Nonlinear mixed-effects model
  Model function
  Model type:  likelihood
function (psi, id, xidep) 
{
    T <- xidep[, 1]
    y <- xidep[, 2]
    cens <- which(xidep[, 3] == 1)
    init <- which(T == 0)
    Te <- psi[id, 1]
    gamma <- psi[id, 2]
    Nj <- length(T)
    ind <- setdiff(1:Nj, append(init, cens))
    hazard <- (gamma/Te) * (T/Te)^(gamma - 1)
    H <- (T/Te)^gamma
    logpdf <- rep(0, Nj)
    logpdf[cens] <- -H[cens] + H[cens - 1]
    logpdf[ind] <- -H[ind] + H[ind - 1] + log(hazard[ind])
    return(logpdf)
}
<bytecode: 0x58a405b54b00>
  Nb of parameters: 2 
      parameter names:  Te gamma 
      distribution:
     Parameter Distribution Estimated
[1,] Te        log-normal   Estimated
[2,] gamma     log-normal   Estimated
  Variance-covariance matrix:
      Te gamma
Te     0     0
gamma  0     1
  Covariate model:
     Te gamma
[1,]  0     0
[2,]  0     0
[3,]  0     0
[4,]  1     0
[5,]  1     0
[6,]  0     0
    Initial values
             Te gamma
Pop.CondInit  1     2
              0     0


The following SaemixModel object was successfully created:

Nonlinear mixed-effects model
  Model function
  Model type:  likelihood
function (psi, id, xidep) 
{
    T <- xidep[, 1]
    y <- xidep[, 2]
    cens <- which(xidep[, 3] == 1)
    init <- which(T == 0)
    Te <- psi[id, 1]
    gamma <- psi[id, 2]
    Nj <- length(T)
    ind <- setdiff(1:Nj, append(init, cens))
    hazard <- (gamma/Te) * (T/Te)^(gamma - 1)
    H <- (T/Te)^gamma
    logpdf <- rep(0, Nj)
    logpdf[cens] <- -H[cens] + H[cens - 1]
    logpdf[ind] <- -H[ind] + H[ind - 1] + log(hazard[ind])
    return(logpdf)
}
<bytecode: 0x58a405b54b00>
  Nb of parameters: 2 
      parameter names:  Te gamma 
      distribution:
     Parameter Distribution Estimated
[1,] Te        log-normal   Estimated
[2,] gamma     log-normal   Estimated
  Variance-covariance matrix:
      Te gamma
Te     0     0
gamma  0     1
  Covariate model:
     Te gamma
[1,]  0     0
[2,]  0     0
[3,]  0     0
[4,]  1     0
[5,]  0     0
[6,]  1     0
    Initial values
             Te gamma
Pop.CondInit  1     2
              0     0


The following SaemixModel object was successfully created:

Nonlinear mixed-effects model
  Model function
  Model type:  likelihood
function (psi, id, xidep) 
{
    T <- xidep[, 1]
    y <- xidep[, 2]
    cens <- which(xidep[, 3] == 1)
    init <- which(T == 0)
    Te <- psi[id, 1]
    gamma <- psi[id, 2]
    Nj <- length(T)
    ind <- setdiff(1:Nj, append(init, cens))
    hazard <- (gamma/Te) * (T/Te)^(gamma - 1)
    H <- (T/Te)^gamma
    logpdf <- rep(0, Nj)
    logpdf[cens] <- -H[cens] + H[cens - 1]
    logpdf[ind] <- -H[ind] + H[ind - 1] + log(hazard[ind])
    return(logpdf)
}
<bytecode: 0x58a405b54b00>
  Nb of parameters: 2 
      parameter names:  Te gamma 
      distribution:
     Parameter Distribution Estimated
[1,] Te        log-normal   Estimated
[2,] gamma     log-normal   Estimated
  Variance-covariance matrix:
      Te gamma
Te     0     0
gamma  0     1
  Covariate model:
     Te gamma
[1,]  0     1
[2,]  0     0
[3,]  0     0
[4,]  1     0
[5,]  0     0
[6,]  0     0
    Initial values
             Te gamma
Pop.CondInit  1     2
              0     0


The following SaemixModel object was successfully created:

Nonlinear mixed-effects model
  Model function
  Model type:  likelihood
function (psi, id, xidep) 
{
    T <- xidep[, 1]
    y <- xidep[, 2]
    cens <- which(xidep[, 3] == 1)
    init <- which(T == 0)
    Te <- psi[id, 1]
    gamma <- psi[id, 2]
    Nj <- length(T)
    ind <- setdiff(1:Nj, append(init, cens))
    hazard <- (gamma/Te) * (T/Te)^(gamma - 1)
    H <- (T/Te)^gamma
    logpdf <- rep(0, Nj)
    logpdf[cens] <- -H[cens] + H[cens - 1]
    logpdf[ind] <- -H[ind] + H[ind - 1] + log(hazard[ind])
    return(logpdf)
}
<bytecode: 0x58a405b54b00>
  Nb of parameters: 2 
      parameter names:  Te gamma 
      distribution:
     Parameter Distribution Estimated
[1,] Te        log-normal   Estimated
[2,] gamma     log-normal   Estimated
  Variance-covariance matrix:
      Te gamma
Te     0     0
gamma  0     1
  Covariate model:
     Te gamma
[1,]  0     0
[2,]  0     1
[3,]  0     0
[4,]  1     0
[5,]  0     0
[6,]  0     0
    Initial values
             Te gamma
Pop.CondInit  1     2
              0     0


The following SaemixModel object was successfully created:

Nonlinear mixed-effects model
  Model function
  Model type:  likelihood
function (psi, id, xidep) 
{
    T <- xidep[, 1]
    y <- xidep[, 2]
    cens <- which(xidep[, 3] == 1)
    init <- which(T == 0)
    Te <- psi[id, 1]
    gamma <- psi[id, 2]
    Nj <- length(T)
    ind <- setdiff(1:Nj, append(init, cens))
    hazard <- (gamma/Te) * (T/Te)^(gamma - 1)
    H <- (T/Te)^gamma
    logpdf <- rep(0, Nj)
    logpdf[cens] <- -H[cens] + H[cens - 1]
    logpdf[ind] <- -H[ind] + H[ind - 1] + log(hazard[ind])
    return(logpdf)
}
<bytecode: 0x58a405b54b00>
  Nb of parameters: 2 
      parameter names:  Te gamma 
      distribution:
     Parameter Distribution Estimated
[1,] Te        log-normal   Estimated
[2,] gamma     log-normal   Estimated
  Variance-covariance matrix:
      Te gamma
Te     0     0
gamma  0     1
  Covariate model:
     Te gamma
[1,]  0     0
[2,]  0     0
[3,]  0     1
[4,]  1     0
[5,]  0     0
[6,]  0     0
    Initial values
             Te gamma
Pop.CondInit  1     2
              0     0


The following SaemixModel object was successfully created:

Nonlinear mixed-effects model
  Model function
  Model type:  likelihood
function (psi, id, xidep) 
{
    T <- xidep[, 1]
    y <- xidep[, 2]
    cens <- which(xidep[, 3] == 1)
    init <- which(T == 0)
    Te <- psi[id, 1]
    gamma <- psi[id, 2]
    Nj <- length(T)
    ind <- setdiff(1:Nj, append(init, cens))
    hazard <- (gamma/Te) * (T/Te)^(gamma - 1)
    H <- (T/Te)^gamma
    logpdf <- rep(0, Nj)
    logpdf[cens] <- -H[cens] + H[cens - 1]
    logpdf[ind] <- -H[ind] + H[ind - 1] + log(hazard[ind])
    return(logpdf)
}
<bytecode: 0x58a405b54b00>
  Nb of parameters: 2 
      parameter names:  Te gamma 
      distribution:
     Parameter Distribution Estimated
[1,] Te        log-normal   Estimated
[2,] gamma     log-normal   Estimated
  Variance-covariance matrix:
      Te gamma
Te     0     0
gamma  0     1
  Covariate model:
     Te gamma
[1,]  0     0
[2,]  0     0
[3,]  0     0
[4,]  1     1
[5,]  0     0
[6,]  0     0
    Initial values
             Te gamma
Pop.CondInit  1     2
              0     0


The following SaemixModel object was successfully created:

Nonlinear mixed-effects model
  Model function
  Model type:  likelihood
function (psi, id, xidep) 
{
    T <- xidep[, 1]
    y <- xidep[, 2]
    cens <- which(xidep[, 3] == 1)
    init <- which(T == 0)
    Te <- psi[id, 1]
    gamma <- psi[id, 2]
    Nj <- length(T)
    ind <- setdiff(1:Nj, append(init, cens))
    hazard <- (gamma/Te) * (T/Te)^(gamma - 1)
    H <- (T/Te)^gamma
    logpdf <- rep(0, Nj)
    logpdf[cens] <- -H[cens] + H[cens - 1]
    logpdf[ind] <- -H[ind] + H[ind - 1] + log(hazard[ind])
    return(logpdf)
}
<bytecode: 0x58a405b54b00>
  Nb of parameters: 2 
      parameter names:  Te gamma 
      distribution:
     Parameter Distribution Estimated
[1,] Te        log-normal   Estimated
[2,] gamma     log-normal   Estimated
  Variance-covariance matrix:
      Te gamma
Te     0     0
gamma  0     1
  Covariate model:
     Te gamma
[1,]  0     0
[2,]  0     0
[3,]  0     0
[4,]  1     0
[5,]  0     1
[6,]  0     0
    Initial values
             Te gamma
Pop.CondInit  1     2
              0     0


The following SaemixModel object was successfully created:

Nonlinear mixed-effects model
  Model function
  Model type:  likelihood
function (psi, id, xidep) 
{
    T <- xidep[, 1]
    y <- xidep[, 2]
    cens <- which(xidep[, 3] == 1)
    init <- which(T == 0)
    Te <- psi[id, 1]
    gamma <- psi[id, 2]
    Nj <- length(T)
    ind <- setdiff(1:Nj, append(init, cens))
    hazard <- (gamma/Te) * (T/Te)^(gamma - 1)
    H <- (T/Te)^gamma
    logpdf <- rep(0, Nj)
    logpdf[cens] <- -H[cens] + H[cens - 1]
    logpdf[ind] <- -H[ind] + H[ind - 1] + log(hazard[ind])
    return(logpdf)
}
<bytecode: 0x58a405b54b00>
  Nb of parameters: 2 
      parameter names:  Te gamma 
      distribution:
     Parameter Distribution Estimated
[1,] Te        log-normal   Estimated
[2,] gamma     log-normal   Estimated
  Variance-covariance matrix:
      Te gamma
Te     0     0
gamma  0     1
  Covariate model:
     Te gamma
[1,]  0     0
[2,]  0     0
[3,]  0     0
[4,]  1     0
[5,]  0     0
[6,]  0     1
    Initial values
             Te gamma
Pop.CondInit  1     2
              0     0


The following SaemixModel object was successfully created:

Nonlinear mixed-effects model
  Model function
  Model type:  likelihood
function (psi, id, xidep) 
{
    T <- xidep[, 1]
    y <- xidep[, 2]
    cens <- which(xidep[, 3] == 1)
    init <- which(T == 0)
    Te <- psi[id, 1]
    gamma <- psi[id, 2]
    Nj <- length(T)
    ind <- setdiff(1:Nj, append(init, cens))
    hazard <- (gamma/Te) * (T/Te)^(gamma - 1)
    H <- (T/Te)^gamma
    logpdf <- rep(0, Nj)
    logpdf[cens] <- -H[cens] + H[cens - 1]
    logpdf[ind] <- -H[ind] + H[ind - 1] + log(hazard[ind])
    return(logpdf)
}
<bytecode: 0x58a405b54b00>
  Nb of parameters: 2 
      parameter names:  Te gamma 
      distribution:
     Parameter Distribution Estimated
[1,] Te        log-normal   Estimated
[2,] gamma     log-normal   Estimated
  Variance-covariance matrix:
      Te gamma
Te     1     0
gamma  0     0
  Covariate model:
     Te gamma
[1,]  0     0
[2,]  1     0
[3,]  0     0
[4,]  1     0
[5,]  0     0
[6,]  0     0
    Initial values
             Te gamma
Pop.CondInit  1     2
              0     0


The following SaemixModel object was successfully created:

Nonlinear mixed-effects model
  Model function
  Model type:  likelihood
function (psi, id, xidep) 
{
    T <- xidep[, 1]
    y <- xidep[, 2]
    cens <- which(xidep[, 3] == 1)
    init <- which(T == 0)
    Te <- psi[id, 1]
    gamma <- psi[id, 2]
    Nj <- length(T)
    ind <- setdiff(1:Nj, append(init, cens))
    hazard <- (gamma/Te) * (T/Te)^(gamma - 1)
    H <- (T/Te)^gamma
    logpdf <- rep(0, Nj)
    logpdf[cens] <- -H[cens] + H[cens - 1]
    logpdf[ind] <- -H[ind] + H[ind - 1] + log(hazard[ind])
    return(logpdf)
}
<bytecode: 0x58a405b54b00>
  Nb of parameters: 2 
      parameter names:  Te gamma 
      distribution:
     Parameter Distribution Estimated
[1,] Te        log-normal   Estimated
[2,] gamma     log-normal   Estimated
  Variance-covariance matrix:
      Te gamma
Te     0     0
gamma  0     1
  Covariate model:
     Te gamma
[1,]  0     0
[2,]  1     0
[3,]  0     0
[4,]  1     0
[5,]  0     0
[6,]  0     0
    Initial values
             Te gamma
Pop.CondInit  1     2
              0     0


The following SaemixModel object was successfully created:

Nonlinear mixed-effects model
  Model function
  Model type:  likelihood
function (psi, id, xidep) 
{
    T <- xidep[, 1]
    y <- xidep[, 2]
    cens <- which(xidep[, 3] == 1)
    init <- which(T == 0)
    Te <- psi[id, 1]
    gamma <- psi[id, 2]
    Nj <- length(T)
    ind <- setdiff(1:Nj, append(init, cens))
    hazard <- (gamma/Te) * (T/Te)^(gamma - 1)
    H <- (T/Te)^gamma
    logpdf <- rep(0, Nj)
    logpdf[cens] <- -H[cens] + H[cens - 1]
    logpdf[ind] <- -H[ind] + H[ind - 1] + log(hazard[ind])
    return(logpdf)
}
<bytecode: 0x58a405b54b00>
  Nb of parameters: 2 
      parameter names:  Te gamma 
      distribution:
     Parameter Distribution Estimated
[1,] Te        log-normal   Estimated
[2,] gamma     log-normal   Estimated
  Variance-covariance matrix:
      Te gamma
Te     1     0
gamma  0     1
  Covariate model:
     Te gamma
[1,]  0     0
[2,]  1     0
[3,]  0     0
[4,]  1     0
[5,]  0     0
[6,]  0     0
    Initial values
             Te gamma
Pop.CondInit  1     2
              0     0


The following SaemixModel object was successfully created:

Nonlinear mixed-effects model
  Model function
  Model type:  likelihood
function (psi, id, xidep) 
{
    T <- xidep[, 1]
    y <- xidep[, 2]
    cens <- which(xidep[, 3] == 1)
    init <- which(T == 0)
    Te <- psi[id, 1]
    gamma <- psi[id, 2]
    Nj <- length(T)
    ind <- setdiff(1:Nj, append(init, cens))
    hazard <- (gamma/Te) * (T/Te)^(gamma - 1)
    H <- (T/Te)^gamma
    logpdf <- rep(0, Nj)
    logpdf[cens] <- -H[cens] + H[cens - 1]
    logpdf[ind] <- -H[ind] + H[ind - 1] + log(hazard[ind])
    return(logpdf)
}
<bytecode: 0x58a405b54b00>
  Nb of parameters: 2 
      parameter names:  Te gamma 
      distribution:
     Parameter Distribution Estimated
[1,] Te        log-normal   Estimated
[2,] gamma     log-normal   Estimated
  Variance-covariance matrix:
      Te gamma
Te     0     0
gamma  0     1
  Covariate model:
     Te gamma
[1,]  1     0
[2,]  1     0
[3,]  0     0
[4,]  1     0
[5,]  0     0
[6,]  0     0
    Initial values
             Te gamma
Pop.CondInit  1     2
              0     0


The following SaemixModel object was successfully created:

Nonlinear mixed-effects model
  Model function
  Model type:  likelihood
function (psi, id, xidep) 
{
    T <- xidep[, 1]
    y <- xidep[, 2]
    cens <- which(xidep[, 3] == 1)
    init <- which(T == 0)
    Te <- psi[id, 1]
    gamma <- psi[id, 2]
    Nj <- length(T)
    ind <- setdiff(1:Nj, append(init, cens))
    hazard <- (gamma/Te) * (T/Te)^(gamma - 1)
    H <- (T/Te)^gamma
    logpdf <- rep(0, Nj)
    logpdf[cens] <- -H[cens] + H[cens - 1]
    logpdf[ind] <- -H[ind] + H[ind - 1] + log(hazard[ind])
    return(logpdf)
}
<bytecode: 0x58a405b54b00>
  Nb of parameters: 2 
      parameter names:  Te gamma 
      distribution:
     Parameter Distribution Estimated
[1,] Te        log-normal   Estimated
[2,] gamma     log-normal   Estimated
  Variance-covariance matrix:
      Te gamma
Te     0     0
gamma  0     1
  Covariate model:
     Te gamma
[1,]  0     0
[2,]  0     0
[3,]  0     0
[4,]  1     0
[5,]  0     0
[6,]  0     0
    Initial values
             Te gamma
Pop.CondInit  1     2
              0     0


The following SaemixModel object was successfully created:

Nonlinear mixed-effects model
  Model function
  Model type:  likelihood
function (psi, id, xidep) 
{
    T <- xidep[, 1]
    y <- xidep[, 2]
    cens <- which(xidep[, 3] == 1)
    init <- which(T == 0)
    Te <- psi[id, 1]
    gamma <- psi[id, 2]
    Nj <- length(T)
    ind <- setdiff(1:Nj, append(init, cens))
    hazard <- (gamma/Te) * (T/Te)^(gamma - 1)
    H <- (T/Te)^gamma
    logpdf <- rep(0, Nj)
    logpdf[cens] <- -H[cens] + H[cens - 1]
    logpdf[ind] <- -H[ind] + H[ind - 1] + log(hazard[ind])
    return(logpdf)
}
<bytecode: 0x58a405b54b00>
  Nb of parameters: 2 
      parameter names:  Te gamma 
      distribution:
     Parameter Distribution Estimated
[1,] Te        log-normal   Estimated
[2,] gamma     log-normal   Estimated
  Variance-covariance matrix:
      Te gamma
Te     0     0
gamma  0     1
  Covariate model:
     Te gamma
[1,]  0     0
[2,]  1     0
[3,]  1     0
[4,]  1     0
[5,]  0     0
[6,]  0     0
    Initial values
             Te gamma
Pop.CondInit  1     2
              0     0


The following SaemixModel object was successfully created:

Nonlinear mixed-effects model
  Model function
  Model type:  likelihood
function (psi, id, xidep) 
{
    T <- xidep[, 1]
    y <- xidep[, 2]
    cens <- which(xidep[, 3] == 1)
    init <- which(T == 0)
    Te <- psi[id, 1]
    gamma <- psi[id, 2]
    Nj <- length(T)
    ind <- setdiff(1:Nj, append(init, cens))
    hazard <- (gamma/Te) * (T/Te)^(gamma - 1)
    H <- (T/Te)^gamma
    logpdf <- rep(0, Nj)
    logpdf[cens] <- -H[cens] + H[cens - 1]
    logpdf[ind] <- -H[ind] + H[ind - 1] + log(hazard[ind])
    return(logpdf)
}
<bytecode: 0x58a405b54b00>
  Nb of parameters: 2 
      parameter names:  Te gamma 
      distribution:
     Parameter Distribution Estimated
[1,] Te        log-normal   Estimated
[2,] gamma     log-normal   Estimated
  Variance-covariance matrix:
      Te gamma
Te     0     0
gamma  0     1
  Covariate model:
     Te gamma
[1,]  0     0
[2,]  1     0
[3,]  0     0
[4,]  0     0
[5,]  0     0
[6,]  0     0
    Initial values
             Te gamma
Pop.CondInit  1     2
              0     0


The following SaemixModel object was successfully created:

Nonlinear mixed-effects model
  Model function
  Model type:  likelihood
function (psi, id, xidep) 
{
    T <- xidep[, 1]
    y <- xidep[, 2]
    cens <- which(xidep[, 3] == 1)
    init <- which(T == 0)
    Te <- psi[id, 1]
    gamma <- psi[id, 2]
    Nj <- length(T)
    ind <- setdiff(1:Nj, append(init, cens))
    hazard <- (gamma/Te) * (T/Te)^(gamma - 1)
    H <- (T/Te)^gamma
    logpdf <- rep(0, Nj)
    logpdf[cens] <- -H[cens] + H[cens - 1]
    logpdf[ind] <- -H[ind] + H[ind - 1] + log(hazard[ind])
    return(logpdf)
}
<bytecode: 0x58a405b54b00>
  Nb of parameters: 2 
      parameter names:  Te gamma 
      distribution:
     Parameter Distribution Estimated
[1,] Te        log-normal   Estimated
[2,] gamma     log-normal   Estimated
  Variance-covariance matrix:
      Te gamma
Te     0     0
gamma  0     1
  Covariate model:
     Te gamma
[1,]  0     0
[2,]  1     0
[3,]  0     0
[4,]  1     0
[5,]  1     0
[6,]  0     0
    Initial values
             Te gamma
Pop.CondInit  1     2
              0     0


The following SaemixModel object was successfully created:

Nonlinear mixed-effects model
  Model function
  Model type:  likelihood
function (psi, id, xidep) 
{
    T <- xidep[, 1]
    y <- xidep[, 2]
    cens <- which(xidep[, 3] == 1)
    init <- which(T == 0)
    Te <- psi[id, 1]
    gamma <- psi[id, 2]
    Nj <- length(T)
    ind <- setdiff(1:Nj, append(init, cens))
    hazard <- (gamma/Te) * (T/Te)^(gamma - 1)
    H <- (T/Te)^gamma
    logpdf <- rep(0, Nj)
    logpdf[cens] <- -H[cens] + H[cens - 1]
    logpdf[ind] <- -H[ind] + H[ind - 1] + log(hazard[ind])
    return(logpdf)
}
<bytecode: 0x58a405b54b00>
  Nb of parameters: 2 
      parameter names:  Te gamma 
      distribution:
     Parameter Distribution Estimated
[1,] Te        log-normal   Estimated
[2,] gamma     log-normal   Estimated
  Variance-covariance matrix:
      Te gamma
Te     0     0
gamma  0     1
  Covariate model:
     Te gamma
[1,]  0     0
[2,]  1     0
[3,]  0     0
[4,]  1     0
[5,]  0     0
[6,]  1     0
    Initial values
             Te gamma
Pop.CondInit  1     2
              0     0


The following SaemixModel object was successfully created:

Nonlinear mixed-effects model
  Model function
  Model type:  likelihood
function (psi, id, xidep) 
{
    T <- xidep[, 1]
    y <- xidep[, 2]
    cens <- which(xidep[, 3] == 1)
    init <- which(T == 0)
    Te <- psi[id, 1]
    gamma <- psi[id, 2]
    Nj <- length(T)
    ind <- setdiff(1:Nj, append(init, cens))
    hazard <- (gamma/Te) * (T/Te)^(gamma - 1)
    H <- (T/Te)^gamma
    logpdf <- rep(0, Nj)
    logpdf[cens] <- -H[cens] + H[cens - 1]
    logpdf[ind] <- -H[ind] + H[ind - 1] + log(hazard[ind])
    return(logpdf)
}
<bytecode: 0x58a405b54b00>
  Nb of parameters: 2 
      parameter names:  Te gamma 
      distribution:
     Parameter Distribution Estimated
[1,] Te        log-normal   Estimated
[2,] gamma     log-normal   Estimated
  Variance-covariance matrix:
      Te gamma
Te     0     0
gamma  0     1
  Covariate model:
     Te gamma
[1,]  0     1
[2,]  1     0
[3,]  0     0
[4,]  1     0
[5,]  0     0
[6,]  0     0
    Initial values
             Te gamma
Pop.CondInit  1     2
              0     0


The following SaemixModel object was successfully created:

Nonlinear mixed-effects model
  Model function
  Model type:  likelihood
function (psi, id, xidep) 
{
    T <- xidep[, 1]
    y <- xidep[, 2]
    cens <- which(xidep[, 3] == 1)
    init <- which(T == 0)
    Te <- psi[id, 1]
    gamma <- psi[id, 2]
    Nj <- length(T)
    ind <- setdiff(1:Nj, append(init, cens))
    hazard <- (gamma/Te) * (T/Te)^(gamma - 1)
    H <- (T/Te)^gamma
    logpdf <- rep(0, Nj)
    logpdf[cens] <- -H[cens] + H[cens - 1]
    logpdf[ind] <- -H[ind] + H[ind - 1] + log(hazard[ind])
    return(logpdf)
}
<bytecode: 0x58a405b54b00>
  Nb of parameters: 2 
      parameter names:  Te gamma 
      distribution:
     Parameter Distribution Estimated
[1,] Te        log-normal   Estimated
[2,] gamma     log-normal   Estimated
  Variance-covariance matrix:
      Te gamma
Te     0     0
gamma  0     1
  Covariate model:
     Te gamma
[1,]  0     0
[2,]  1     1
[3,]  0     0
[4,]  1     0
[5,]  0     0
[6,]  0     0
    Initial values
             Te gamma
Pop.CondInit  1     2
              0     0


The following SaemixModel object was successfully created:

Nonlinear mixed-effects model
  Model function
  Model type:  likelihood
function (psi, id, xidep) 
{
    T <- xidep[, 1]
    y <- xidep[, 2]
    cens <- which(xidep[, 3] == 1)
    init <- which(T == 0)
    Te <- psi[id, 1]
    gamma <- psi[id, 2]
    Nj <- length(T)
    ind <- setdiff(1:Nj, append(init, cens))
    hazard <- (gamma/Te) * (T/Te)^(gamma - 1)
    H <- (T/Te)^gamma
    logpdf <- rep(0, Nj)
    logpdf[cens] <- -H[cens] + H[cens - 1]
    logpdf[ind] <- -H[ind] + H[ind - 1] + log(hazard[ind])
    return(logpdf)
}
<bytecode: 0x58a405b54b00>
  Nb of parameters: 2 
      parameter names:  Te gamma 
      distribution:
     Parameter Distribution Estimated
[1,] Te        log-normal   Estimated
[2,] gamma     log-normal   Estimated
  Variance-covariance matrix:
      Te gamma
Te     0     0
gamma  0     1
  Covariate model:
     Te gamma
[1,]  0     0
[2,]  1     0
[3,]  0     1
[4,]  1     0
[5,]  0     0
[6,]  0     0
    Initial values
             Te gamma
Pop.CondInit  1     2
              0     0


The following SaemixModel object was successfully created:

Nonlinear mixed-effects model
  Model function
  Model type:  likelihood
function (psi, id, xidep) 
{
    T <- xidep[, 1]
    y <- xidep[, 2]
    cens <- which(xidep[, 3] == 1)
    init <- which(T == 0)
    Te <- psi[id, 1]
    gamma <- psi[id, 2]
    Nj <- length(T)
    ind <- setdiff(1:Nj, append(init, cens))
    hazard <- (gamma/Te) * (T/Te)^(gamma - 1)
    H <- (T/Te)^gamma
    logpdf <- rep(0, Nj)
    logpdf[cens] <- -H[cens] + H[cens - 1]
    logpdf[ind] <- -H[ind] + H[ind - 1] + log(hazard[ind])
    return(logpdf)
}
<bytecode: 0x58a405b54b00>
  Nb of parameters: 2 
      parameter names:  Te gamma 
      distribution:
     Parameter Distribution Estimated
[1,] Te        log-normal   Estimated
[2,] gamma     log-normal   Estimated
  Variance-covariance matrix:
      Te gamma
Te     0     0
gamma  0     1
  Covariate model:
     Te gamma
[1,]  0     0
[2,]  1     0
[3,]  0     0
[4,]  1     1
[5,]  0     0
[6,]  0     0
    Initial values
             Te gamma
Pop.CondInit  1     2
              0     0


The following SaemixModel object was successfully created:

Nonlinear mixed-effects model
  Model function
  Model type:  likelihood
function (psi, id, xidep) 
{
    T <- xidep[, 1]
    y <- xidep[, 2]
    cens <- which(xidep[, 3] == 1)
    init <- which(T == 0)
    Te <- psi[id, 1]
    gamma <- psi[id, 2]
    Nj <- length(T)
    ind <- setdiff(1:Nj, append(init, cens))
    hazard <- (gamma/Te) * (T/Te)^(gamma - 1)
    H <- (T/Te)^gamma
    logpdf <- rep(0, Nj)
    logpdf[cens] <- -H[cens] + H[cens - 1]
    logpdf[ind] <- -H[ind] + H[ind - 1] + log(hazard[ind])
    return(logpdf)
}
<bytecode: 0x58a405b54b00>
  Nb of parameters: 2 
      parameter names:  Te gamma 
      distribution:
     Parameter Distribution Estimated
[1,] Te        log-normal   Estimated
[2,] gamma     log-normal   Estimated
  Variance-covariance matrix:
      Te gamma
Te     0     0
gamma  0     1
  Covariate model:
     Te gamma
[1,]  0     0
[2,]  1     0
[3,]  0     0
[4,]  1     0
[5,]  0     1
[6,]  0     0
    Initial values
             Te gamma
Pop.CondInit  1     2
              0     0


The following SaemixModel object was successfully created:

Nonlinear mixed-effects model
  Model function
  Model type:  likelihood
function (psi, id, xidep) 
{
    T <- xidep[, 1]
    y <- xidep[, 2]
    cens <- which(xidep[, 3] == 1)
    init <- which(T == 0)
    Te <- psi[id, 1]
    gamma <- psi[id, 2]
    Nj <- length(T)
    ind <- setdiff(1:Nj, append(init, cens))
    hazard <- (gamma/Te) * (T/Te)^(gamma - 1)
    H <- (T/Te)^gamma
    logpdf <- rep(0, Nj)
    logpdf[cens] <- -H[cens] + H[cens - 1]
    logpdf[ind] <- -H[ind] + H[ind - 1] + log(hazard[ind])
    return(logpdf)
}
<bytecode: 0x58a405b54b00>
  Nb of parameters: 2 
      parameter names:  Te gamma 
      distribution:
     Parameter Distribution Estimated
[1,] Te        log-normal   Estimated
[2,] gamma     log-normal   Estimated
  Variance-covariance matrix:
      Te gamma
Te     0     0
gamma  0     1
  Covariate model:
     Te gamma
[1,]  0     0
[2,]  1     0
[3,]  0     0
[4,]  1     0
[5,]  0     0
[6,]  0     1
    Initial values
             Te gamma
Pop.CondInit  1     2
              0     0


The following SaemixModel object was successfully created:

Nonlinear mixed-effects model
  Model function:  Weibull TTE model
  Model type:  likelihood
function (psi, id, xidep) 
{
    T <- xidep[, 1]
    y <- xidep[, 2]
    cens <- which(xidep[, 3] == 1)
    init <- which(T == 0)
    Te <- psi[id, 1]
    gamma <- psi[id, 2]
    Nj <- length(T)
    ind <- setdiff(1:Nj, append(init, cens))
    hazard <- (gamma/Te) * (T/Te)^(gamma - 1)
    H <- (T/Te)^gamma
    logpdf <- rep(0, Nj)
    logpdf[cens] <- -H[cens] + H[cens - 1]
    logpdf[ind] <- -H[ind] + H[ind - 1] + log(hazard[ind])
    return(logpdf)
}
<bytecode: 0x58a405b54b00>
  Nb of parameters: 2 
      parameter names:  Te gamma 
      distribution:
     Parameter Distribution Estimated
[1,] Te        normal       Estimated
[2,] gamma     normal       Estimated
  Variance-covariance matrix:
      Te gamma
Te     0     0
gamma  0     1
  Covariate model:
     Te gamma
[1,]  0     0
[2,]  1     0
[3,]  0     0
[4,]  1     0
[5,]  0     0
[6,]  0     0
    Initial values
             Te gamma
Pop.CondInit  1     2
              0     0


------------------
---- Summary  ----
------------------
 Covariates           R.E.  BIC    
 <none>               Te    2291.02
 Te(ecog23)           ----  2284.35
 ----                 gamma 2283.95
 Te(sex,ecog23)       ----  2280.13
 ----                 gamma 2280.13
 Te(sex,ecog1,ecog23) ----  2280.64


---------------------
---- Final Model ----
---------------------
Covariate model 
          Te gamma
age        0     0
sex        1     0
ecog1      0     0
ecog23     1     0
ph.karno   0     0
pat.karno  0     0
Random effects structure 
      Te gamma
Te     0     0
gamma  0     1
BIC= 2280.127Message d'avis :
Dans stepwise.procedure(saemixObject, covariate.init, trace) :
  Likelihood computed by importance sampling.
> 
> print(covtte.fit)
Nonlinear mixed-effects model
  Model function:  Weibull TTE model
  Model type:  likelihood
function (psi, id, xidep) 
{
    T <- xidep[, 1]
    y <- xidep[, 2]
    cens <- which(xidep[, 3] == 1)
    init <- which(T == 0)
    Te <- psi[id, 1]
    gamma <- psi[id, 2]
    Nj <- length(T)
    ind <- setdiff(1:Nj, append(init, cens))
    hazard <- (gamma/Te) * (T/Te)^(gamma - 1)
    H <- (T/Te)^gamma
    logpdf <- rep(0, Nj)
    logpdf[cens] <- -H[cens] + H[cens - 1]
    logpdf[ind] <- -H[ind] + H[ind - 1] + log(hazard[ind])
    return(logpdf)
}
<bytecode: 0x58a405b54b00>
  Nb of parameters: 2 
      parameter names:  Te gamma 
      distribution:
     Parameter Distribution Estimated
[1,] Te        normal       Estimated
[2,] gamma     normal       Estimated
  Variance-covariance matrix:
      Te gamma
Te     0     0
gamma  0     1
  Covariate model:
     Te gamma
[1,]  0     0
[2,]  1     0
[3,]  0     0
[4,]  1     0
[5,]  0     0
[6,]  0     0
    Initial values
             Te gamma
Pop.CondInit  1     2
              0     0
> 
> 
> proc.time()
utilisateur     système      écoulé 
    212.289       0.438     213.568 
